[INFO] PubMed GCN Graph-CFAM+NeGo sweep
[INFO] entrypoint=main_gmm3_reviewed1_graph_cfam_nego.py
[INFO] epochs=500, runs=2, configs=14, device=1, python=python
[INFO] dry_run=0, max_configs=0, early_stop_patience=80
[RUN 1/14] pubmed_gcn_graphcfam_nego_base_spurious_lr0.005_dp0.3_h64_K2_gmm2_fd0.5_edge0.2_dim16_nlg0.01_nctx0.5_mul_nego_only_spurious
Namespace(K=2, backbone_type='gcn', bismooth_consistency='cosine', bismooth_edge_drop=0.1, bismooth_keep_train_nodes=True, bismooth_node_drop=0.05, bismooth_samples=1, bismooth_singleton='exclude', causal_support_coeff=0.5, cf_beta=1.0, cf_consistency='cauvq', cf_mode='shuffle', cf_noise_std=1.0, cf_samples=1, cf_target='mediator', cf_temp=1.0, combine_result=True, counterexample_coeff=0.0, counterexample_momentum=0.9, counterexample_top_frac=0.2, cpu=False, dag_latent_dim=16, dag_mixer_heads=1, dag_mixer_layers=2, data_dir='./data/', dataset='pubmed', decomp_warmup_epochs=50, device=1, display_step=10, dropout=0.3, early_stop_min_delta=0.0001, early_stop_patience=80, edge_blend=0.2, edge_env_momentum=0.9, edge_feat_mode='mul', edge_gate_mode='vector', edge_pollution_coeff=0.5, edge_score_temp=5.0, enhance_sem_mode='cosine', env_type='graph', epochs=500, eval_pred_mode='blend', expert_agg='mean', fd_blend=0.5, fd_context_source='nego_only', gamma=0.99, gate_hidden=64, global_alpha=0.2, global_beta=0.5, global_context_weight=1.0, global_info_mode='advective', global_local_source='gcn', global_steps=1, gmm_max_std=1.0, gmm_min_var=0.0001, gmm_sample_k=2, grad_clip=5.0, graph_cfam_gate_target=0.5, graph_cfam_gate_temp=1.0, graph_cfam_residual_blend=0.1, graph_delf_margin=0.2, graph_delf_shortcut_weight=0.5, graph_delf_top_frac=0.2, hidden_channels=64, ica_components=16, ica_gate_target=0.5, ica_gate_temp=1.0, infer_env=False, infer_env_components=64, infer_env_iters=30, infer_env_num=3, intervention_ramp_epochs=100, lambda_bismooth=0.0, lambda_bismooth_cls=0.0, lambda_cf=0.0, lambda_dag=0.05, lambda_dag_label=0.05, lambda_enhance_sem=0.0, lambda_env=0.05, lambda_fd=0.5, lambda_fd_aug=0.0, lambda_gate=0.0, lambda_global_env=0.0, lambda_graph_cfam_gate=0.0, lambda_graph_delf=0.0, lambda_ica_cov=0.0, lambda_ica_entropy=0.0, lambda_ica_gate=0.0, lambda_ica_ng=0.0, lambda_ind=0.0, lambda_inv=0.0, lambda_l1=1e-05, lambda_layerwise_gate=0.0, lambda_med=0.0, lambda_nego=0.01, lambda_role=0.0, lambda_sem=0.0, lambda_spu=0.05, lambda_spu_y=0.0, lambda_var=0.0, lamda=1.0, layerwise_final_edge_fuse=True, layerwise_gate_target=0.5, layerwise_local_igm_skip_last=True, layerwise_spurious_context_detach=True, layerwise_spurious_context_weight=1.0, low_temp=8.0, low_threshold=0.35, lr=0.005, mediator_temp=8.0, mediator_threshold=0.5, min_intervention_scale=0.0, min_lr=1e-05, nego_context_weight=0.5, nego_detach_source=True, nego_momentum=0.9, nego_source='spurious', nego_temp=0.2, noise_gate_temp=1.0, noise_subtract_alpha=0.1, num_layers=2, other_env_reduce='sample', pollution_coeff=1.0, pos_weight=5.0, proto_aug_k=1, proto_mix_alpha=1.0, pseudo_env_balance=1.0, result_name='pubmed_gcn_graphcfam_nego_base_spurious_lr0.005_dp0.3_h64_K2_gmm2_fd0.5_edge0.2_dim16_nlg0.01_nctx0.5_mul_nego_only_spurious', role_med_env_weight=1.0, role_med_y_weight=1.0, role_spu_env_weight=1.0, role_spu_y_weight=1.0, runs=2, seed=123, store_result=True, tau=2.0, use_bn=False, use_cipt_schedule=True, use_cosine_lr=True, use_dag_mixer=True, use_global_contexts=None, use_global_info=False, use_graph_cfam=True, use_ica_split=False, use_layerwise_local_igm=False, use_layerwise_spurious_contexts=False, use_local_bismooth=False, use_nego_context=True, use_nego_prompt=True, use_neighbor_denoise=False, use_spu_gmm=True, variant=False, weight_decay=5e-05)
using existing synthetic data...
dataset pubmed: all nodes 118302 | edges 531888 | classes 3 | feats 510
train nodes 29575 | valid nodes 14788 | test in nodes 14788
test ood1 nodes 59151 
[INFO] env numbers: 6 train env numbers: 3
MODEL: GraphFrontDoorDAG(
  (act_fn): ReLU()
  (input_proj): Linear(in_features=510, out_features=64, bias=True)
  (backbone_layers): ModuleList(
    (0): FrontDoorBackboneLayer()
    (1): FrontDoorBackboneLayer()
  )
  (classifier): Linear(in_features=64, out_features=3, bias=True)
  (fd_classifier): Linear(in_features=64, out_features=3, bias=True)
  (env_classifier): Linear(in_features=64, out_features=3, bias=True)
  (edge_pair_encoder): Sequential(
    (0): Linear(in_features=64, out_features=64, bias=True)
    (1): ReLU()
    (2): Linear(in_features=64, out_features=64, bias=True)
  )
  (edge_score_head): Linear(in_features=64, out_features=64, bias=True)
  (edge_summary_norm): LayerNorm((64,), eps=1e-05, elementwise_affine=True)
  (node_edge_fuser): Sequential(
    (0): Linear(in_features=192, out_features=64, bias=True)
    (1): ReLU()
    (2): Linear(in_features=64, out_features=64, bias=True)
  )
  (node_edge_norm): LayerNorm((64,), eps=1e-05, elementwise_affine=True)
  (graph_cfam_gate): Sequential(
    (0): Linear(in_features=320, out_features=64, bias=True)
    (1): ReLU()
    (2): Linear(in_features=64, out_features=64, bias=True)
  )
  (graph_cfam_norm): LayerNorm((64,), eps=1e-05, elementwise_affine=True)
  (noise_summary_norm): LayerNorm((64,), eps=1e-05, elementwise_affine=True)
  (node_noise_fuser): Sequential(
    (0): Linear(in_features=192, out_features=64, bias=True)
    (1): ReLU()
    (2): Linear(in_features=64, out_features=64, bias=True)
  )
  (node_noise_gate): Linear(in_features=192, out_features=1, bias=True)
  (causal_adapter): Sequential(
    (0): Linear(in_features=64, out_features=128, bias=True)
    (1): LayerNorm((128,), eps=1e-05, elementwise_affine=True)
    (2): GELU()
    (3): Dropout(p=0.3, inplace=False)
    (4): Linear(in_features=128, out_features=64, bias=True)
  )
  (spurious_adapter): Sequential(
    (0): Linear(in_features=64, out_features=32, bias=True)
    (1): LayerNorm((32,), eps=1e-05, elementwise_affine=True)
    (2): GELU()
    (3): Dropout(p=0.3, inplace=False)
    (4): Linear(in_features=32, out_features=64, bias=True)
  )
  (causal_norm): LayerNorm((64,), eps=1e-05, elementwise_affine=True)
  (spurious_norm): LayerNorm((64,), eps=1e-05, elementwise_affine=True)
  (node_dag_proj): Sequential(
    (0): Linear(in_features=64, out_features=16, bias=True)
    (1): LayerNorm((16,), eps=1e-05, elementwise_affine=True)
    (2): Tanh()
  )
  (edge_dag_proj): Sequential(
    (0): Linear(in_features=64, out_features=16, bias=True)
    (1): LayerNorm((16,), eps=1e-05, elementwise_affine=True)
    (2): Tanh()
  )
  (dag_gate_expander): Linear(in_features=16, out_features=64, bias=True)
  (sem_reconstructor): Sequential(
    (0): Linear(in_features=32, out_features=32, bias=True)
    (1): ReLU()
    (2): Linear(in_features=32, out_features=32, bias=True)
  )
  (spurious_label_head): Sequential(
    (0): Linear(in_features=128, out_features=64, bias=True)
    (1): ReLU()
    (2): Linear(in_features=64, out_features=3, bias=True)
  )
  (ica_proj): Linear(in_features=64, out_features=16, bias=False)
  (ica_norm): LayerNorm((16,), eps=1e-05, elementwise_affine=True)
  (ica_causal_proj): Linear(in_features=16, out_features=64, bias=True)
  (ica_spurious_proj): Linear(in_features=16, out_features=64, bias=True)
  (fd_fuser): Sequential(
    (0): Linear(in_features=128, out_features=64, bias=True)
    (1): ReLU()
    (2): Linear(in_features=64, out_features=64, bias=True)
  )
  (fd_norm): LayerNorm((64,), eps=1e-05, elementwise_affine=True)
  (dag_mixer): DAGAwareLatentMixer(
    (attn_layers): ModuleList(
      (0): MultiheadAttention(
        (out_proj): NonDynamicallyQuantizableLinear(in_features=64, out_features=64, bias=True)
      )
      (1): MultiheadAttention(
        (out_proj): NonDynamicallyQuantizableLinear(in_features=64, out_features=64, bias=True)
      )
    )
    (attn_norms): ModuleList(
      (0): LayerNorm((64,), eps=1e-05, elementwise_affine=True)
      (1): LayerNorm((64,), eps=1e-05, elementwise_affine=True)
    )
    (ffn_layers): ModuleList(
      (0): Sequential(
        (0): Linear(in_features=64, out_features=64, bias=True)
        (1): ReLU()
        (2): Dropout(p=0.3, inplace=False)
        (3): Linear(in_features=64, out_features=64, bias=True)
      )
      (1): Sequential(
        (0): Linear(in_features=64, out_features=64, bias=True)
        (1): ReLU()
        (2): Dropout(p=0.3, inplace=False)
        (3): Linear(in_features=64, out_features=64, bias=True)
      )
    )
    (ffn_norms): ModuleList(
      (0): LayerNorm((64,), eps=1e-05, elementwise_affine=True)
      (1): LayerNorm((64,), eps=1e-05, elementwise_affine=True)
    )
  )
  (nego_prompt_decoder): Sequential(
    (0): Linear(in_features=192, out_features=64, bias=True)
    (1): ReLU()
    (2): Dropout(p=0.3, inplace=False)
    (3): Linear(in_features=64, out_features=64, bias=True)
  )
  (nego_prompt_norm): LayerNorm((64,), eps=1e-05, elementwise_affine=True)
)
[INFO] TensorBoard logging activated. Logs will be saved to: ./runs/pubmed/frontdoor_dag_core/pubmed_gcn_graphcfam_nego_base_spurious_lr0.005_dp0.3_h64_K2_gmm2_fd0.5_edge0.2_dim16_nlg0.01_nctx0.5_mul_nego_only_spurious
[INFO] Training recipe: DAG-Core | CIPT schedule: True | cosine lr: True | warmup: 50 | ramp: 100 | grad clip: 5.0 | DAG mixer: True | edge feat: mul | edge gate: vector | neighbor denoise: False (alpha=0.1, temp=1.0) | CF: 0.0 (target=mediator, mode=shuffle, samples=1, cauvq) | role: 0.0 (med_y=1.0, spu_y=1.0, spu_env=1.0, med_env=1.0) | ICA split: False (components=16, cov=0.0, ng=0.0, gate=0.0, entropy=0.0) | eval pred: blend | GMM contexts: True | GMM sample k: 2 | layerwise local IGM: False (skip_last=True, final_fuse=True, target=0.5, lambda=0.0) | enhance sem: 0.0 (cosine) | Graph-CFAM: True (residual=0.1, gate_temp=1.0, gate_lambda=0.0, delf_lambda=0.0, delf_top=0.2) | layerwise spurious ctx: False (weight=1.0, detach=True) | NeGo-lite: prompt=True, context=True, lambda=0.01, source=spurious, temp=0.2, ctx_weight=0.5, fd_ctx_source=nego_only | local bi-smooth: False (lambda=0.0, cls=0.0, pe=0.1, pn=0.05, samples=1, keep_train=True, singleton=exclude) | global info: False (advective, alpha=0.2, beta=0.5, steps=1, local=gcn)
Epoch: 000, Loss: 1.1918, Cls: 1.0836, Med: 0.0000, FD: 0.0000, CF: 0.0000, FDAug: 0.0000, Ind: 0.0000, DAG: 0.0001, DAGLabel: 0.0550, ICA: 0.0000, Spu: 0.0532, Role: 0.0000, SpuY: 0.0000, EnvMed: 0.0000, Inv: 0.0000, Var: 0.0000, GlobalEnv: 0.0000, BiSmooth: 0.0000, BiSmoothCls: 0.0000, LayerGate: 0.0000, GCFAMGate: 0.0000, GDELF: 0.0000, EnhSem: 0.0000, CFShift: 0.0000, LayerGateMean: 0.500, GraphCFAMGate: 0.500, ICAGate: 0.000, LayerGateLayers: 1, GraphCFAMLayers: 2, BiValid: 0.000, LR: 0.005000, IntScale: 0.000, CEPen: 0.000, Ctx: 2, GMMCtx: 2, GlobalCtx: 0, MixCtx: 0, Train: 69.43%, Valid: 69.27%, Test In: 69.87% Test OOD1: 41.25% 
Epoch: 010, Loss: 0.5316, Cls: 0.4430, Med: 0.0000, FD: 0.0000, CF: 0.0000, FDAug: 0.0000, Ind: 0.0000, DAG: 0.0001, DAGLabel: 0.0363, ICA: 0.0000, Spu: 0.0521, Role: 0.0000, SpuY: 0.0000, EnvMed: 0.0000, Inv: 0.0000, Var: 0.0000, GlobalEnv: 0.0000, BiSmooth: 0.0000, BiSmoothCls: 0.0000, LayerGate: 0.0000, GCFAMGate: 0.0000, GDELF: 0.0000, EnhSem: 0.0000, CFShift: 0.0000, LayerGateMean: 0.500, GraphCFAMGate: 0.701, ICAGate: 0.000, LayerGateLayers: 1, GraphCFAMLayers: 2, BiValid: 0.000, LR: 0.004995, IntScale: 0.000, CEPen: 0.000, Ctx: 2, GMMCtx: 2, GlobalCtx: 0, MixCtx: 0, Train: 87.01%, Valid: 86.66%, Test In: 86.71% Test OOD1: 69.44% 
Epoch: 020, Loss: 0.4522, Cls: 0.3855, Med: 0.0000, FD: 0.0000, CF: 0.0000, FDAug: 0.0000, Ind: 0.0000, DAG: 0.0002, DAGLabel: 0.0239, ICA: 0.0000, Spu: 0.0425, Role: 0.0000, SpuY: 0.0000, EnvMed: 0.0000, Inv: 0.0000, Var: 0.0000, GlobalEnv: 0.0000, BiSmooth: 0.0000, BiSmoothCls: 0.0000, LayerGate: 0.0000, GCFAMGate: 0.0000, GDELF: 0.0000, EnhSem: 0.0000, CFShift: 0.0000, LayerGateMean: 0.501, GraphCFAMGate: 0.664, ICAGate: 0.000, LayerGateLayers: 1, GraphCFAMLayers: 2, BiValid: 0.000, LR: 0.004980, IntScale: 0.000, CEPen: 0.000, Ctx: 2, GMMCtx: 2, GlobalCtx: 0, MixCtx: 0, Train: 89.79%, Valid: 89.26%, Test In: 89.51% Test OOD1: 65.68% 
Epoch: 030, Loss: 0.3843, Cls: 0.3384, Med: 0.0000, FD: 0.0000, CF: 0.0000, FDAug: 0.0000, Ind: 0.0000, DAG: 0.0006, DAGLabel: 0.0197, ICA: 0.0000, Spu: 0.0256, Role: 0.0000, SpuY: 0.0000, EnvMed: 0.0000, Inv: 0.0000, Var: 0.0000, GlobalEnv: 0.0000, BiSmooth: 0.0000, BiSmoothCls: 0.0000, LayerGate: 0.0000, GCFAMGate: 0.0000, GDELF: 0.0000, EnhSem: 0.0000, CFShift: 0.0000, LayerGateMean: 0.501, GraphCFAMGate: 0.700, ICAGate: 0.000, LayerGateLayers: 1, GraphCFAMLayers: 2, BiValid: 0.000, LR: 0.004956, IntScale: 0.000, CEPen: 0.000, Ctx: 2, GMMCtx: 2, GlobalCtx: 0, MixCtx: 0, Train: 90.51%, Valid: 89.88%, Test In: 90.35% Test OOD1: 67.68% 
Epoch: 040, Loss: 0.3460, Cls: 0.3140, Med: 0.0000, FD: 0.0000, CF: 0.0000, FDAug: 0.0000, Ind: 0.0000, DAG: 0.0007, DAGLabel: 0.0177, ICA: 0.0000, Spu: 0.0137, Role: 0.0000, SpuY: 0.0000, EnvMed: 0.0000, Inv: 0.0000, Var: 0.0000, GlobalEnv: 0.0000, BiSmooth: 0.0000, BiSmoothCls: 0.0000, LayerGate: 0.0000, GCFAMGate: 0.0000, GDELF: 0.0000, EnhSem: 0.0000, CFShift: 0.0000, LayerGateMean: 0.501, GraphCFAMGate: 0.696, ICAGate: 0.000, LayerGateLayers: 1, GraphCFAMLayers: 2, BiValid: 0.000, LR: 0.004922, IntScale: 0.000, CEPen: 0.000, Ctx: 2, GMMCtx: 2, GlobalCtx: 0, MixCtx: 0, Train: 91.54%, Valid: 90.99%, Test In: 91.31% Test OOD1: 70.99% 
Epoch: 050, Loss: 0.3153, Cls: 0.2910, Med: 0.0000, FD: 0.0000, CF: 0.0000, FDAug: 0.0000, Ind: 0.0000, DAG: 0.0007, DAGLabel: 0.0157, ICA: 0.0000, Spu: 0.0078, Role: 0.0000, SpuY: 0.0000, EnvMed: 0.0000, Inv: 0.0000, Var: 0.0000, GlobalEnv: 0.0000, BiSmooth: 0.0000, BiSmoothCls: 0.0000, LayerGate: 0.0000, GCFAMGate: 0.0000, GDELF: 0.0000, EnhSem: 0.0000, CFShift: 0.0000, LayerGateMean: 0.501, GraphCFAMGate: 0.688, ICAGate: 0.000, LayerGateLayers: 1, GraphCFAMLayers: 2, BiValid: 0.000, LR: 0.004878, IntScale: 0.000, CEPen: 0.000, Ctx: 2, GMMCtx: 2, GlobalCtx: 0, MixCtx: 0, Train: 92.40%, Valid: 91.51%, Test In: 92.01% Test OOD1: 75.14% 
Epoch: 060, Loss: 0.3012, Cls: 0.2733, Med: 0.0000, FD: 0.0042, CF: 0.0000, FDAug: 0.0000, Ind: 0.0000, DAG: 0.0007, DAGLabel: 0.0144, ICA: 0.0000, Spu: 0.0058, Role: 0.0000, SpuY: 0.0000, EnvMed: 0.0026, Inv: 0.0000, Var: 0.0000, GlobalEnv: 0.0000, BiSmooth: 0.0000, BiSmoothCls: 0.0000, LayerGate: 0.0000, GCFAMGate: 0.0000, GDELF: 0.0000, EnhSem: 0.0000, CFShift: 0.0000, LayerGateMean: 0.500, GraphCFAMGate: 0.679, ICAGate: 0.000, LayerGateLayers: 1, GraphCFAMLayers: 2, BiValid: 0.000, LR: 0.004825, IntScale: 0.030, CEPen: 0.000, Ctx: 2, GMMCtx: 2, GlobalCtx: 0, MixCtx: 0, Train: 93.18%, Valid: 92.11%, Test In: 92.53% Test OOD1: 78.58% 
Epoch: 070, Loss: 0.2987, Cls: 0.2599, Med: 0.0000, FD: 0.0145, CF: 0.0000, FDAug: 0.0000, Ind: 0.0000, DAG: 0.0008, DAGLabel: 0.0135, ICA: 0.0000, Spu: 0.0047, Role: 0.0000, SpuY: 0.0000, EnvMed: 0.0045, Inv: 0.0000, Var: 0.0000, GlobalEnv: 0.0000, BiSmooth: 0.0000, BiSmoothCls: 0.0000, LayerGate: 0.0000, GCFAMGate: 0.0000, GDELF: 0.0000, EnhSem: 0.0000, CFShift: 0.0000, LayerGateMean: 0.500, GraphCFAMGate: 0.668, ICAGate: 0.000, LayerGateLayers: 1, GraphCFAMLayers: 2, BiValid: 0.000, LR: 0.004763, IntScale: 0.105, CEPen: 0.000, Ctx: 2, GMMCtx: 2, GlobalCtx: 0, MixCtx: 0, Train: 93.64%, Valid: 92.49%, Test In: 92.64% Test OOD1: 80.52% 
Epoch: 080, Loss: 0.2913, Cls: 0.2420, Med: 0.0000, FD: 0.0280, CF: 0.0000, FDAug: 0.0000, Ind: 0.0000, DAG: 0.0009, DAGLabel: 0.0124, ICA: 0.0000, Spu: 0.0044, Role: 0.0000, SpuY: 0.0000, EnvMed: 0.0023, Inv: 0.0000, Var: 0.0000, GlobalEnv: 0.0000, BiSmooth: 0.0000, BiSmoothCls: 0.0000, LayerGate: 0.0000, GCFAMGate: 0.0000, GDELF: 0.0000, EnhSem: 0.0000, CFShift: 0.0000, LayerGateMean: 0.500, GraphCFAMGate: 0.671, ICAGate: 0.000, LayerGateLayers: 1, GraphCFAMLayers: 2, BiValid: 0.000, LR: 0.004691, IntScale: 0.219, CEPen: 0.000, Ctx: 2, GMMCtx: 2, GlobalCtx: 0, MixCtx: 0, Train: 94.32%, Valid: 92.97%, Test In: 93.19% Test OOD1: 80.96% 
Epoch: 090, Loss: 0.3020, Cls: 0.2361, Med: 0.0000, FD: 0.0439, CF: 0.0000, FDAug: 0.0000, Ind: 0.0000, DAG: 0.0009, DAGLabel: 0.0119, ICA: 0.0000, Spu: 0.0047, Role: 0.0000, SpuY: 0.0000, EnvMed: 0.0030, Inv: 0.0000, Var: 0.0000, GlobalEnv: 0.0000, BiSmooth: 0.0000, BiSmoothCls: 0.0000, LayerGate: 0.0000, GCFAMGate: 0.0000, GDELF: 0.0000, EnhSem: 0.0000, CFShift: 0.0000, LayerGateMean: 0.499, GraphCFAMGate: 0.675, ICAGate: 0.000, LayerGateLayers: 1, GraphCFAMLayers: 2, BiValid: 0.000, LR: 0.004612, IntScale: 0.361, CEPen: 0.000, Ctx: 2, GMMCtx: 2, GlobalCtx: 0, MixCtx: 0, Train: 94.79%, Valid: 93.23%, Test In: 93.36% Test OOD1: 80.74% 
Epoch: 100, Loss: 0.3066, Cls: 0.2250, Med: 0.0000, FD: 0.0596, CF: 0.0000, FDAug: 0.0000, Ind: 0.0000, DAG: 0.0010, DAGLabel: 0.0113, ICA: 0.0000, Spu: 0.0047, Role: 0.0000, SpuY: 0.0000, EnvMed: 0.0033, Inv: 0.0000, Var: 0.0000, GlobalEnv: 0.0000, BiSmooth: 0.0000, BiSmoothCls: 0.0000, LayerGate: 0.0000, GCFAMGate: 0.0000, GDELF: 0.0000, EnhSem: 0.0000, CFShift: 0.0000, LayerGateMean: 0.499, GraphCFAMGate: 0.669, ICAGate: 0.000, LayerGateLayers: 1, GraphCFAMLayers: 2, BiValid: 0.000, LR: 0.004523, IntScale: 0.516, CEPen: 0.000, Ctx: 2, GMMCtx: 2, GlobalCtx: 0, MixCtx: 0, Train: 94.60%, Valid: 92.98%, Test In: 92.85% Test OOD1: 85.84% 
Epoch: 110, Loss: 0.3103, Cls: 0.2153, Med: 0.0000, FD: 0.0734, CF: 0.0000, FDAug: 0.0000, Ind: 0.0000, DAG: 0.0012, DAGLabel: 0.0110, ICA: 0.0000, Spu: 0.0044, Role: 0.0000, SpuY: 0.0000, EnvMed: 0.0032, Inv: 0.0000, Var: 0.0000, GlobalEnv: 0.0000, BiSmooth: 0.0000, BiSmoothCls: 0.0000, LayerGate: 0.0000, GCFAMGate: 0.0000, GDELF: 0.0000, EnhSem: 0.0000, CFShift: 0.0000, LayerGateMean: 0.499, GraphCFAMGate: 0.666, ICAGate: 0.000, LayerGateLayers: 1, GraphCFAMLayers: 2, BiValid: 0.000, LR: 0.004427, IntScale: 0.669, CEPen: 0.000, Ctx: 2, GMMCtx: 2, GlobalCtx: 0, MixCtx: 0, Train: 95.46%, Valid: 93.59%, Test In: 93.49% Test OOD1: 85.38% 
Epoch: 120, Loss: 0.3138, Cls: 0.2080, Med: 0.0000, FD: 0.0853, CF: 0.0000, FDAug: 0.0000, Ind: 0.0000, DAG: 0.0013, DAGLabel: 0.0106, ICA: 0.0000, Spu: 0.0042, Role: 0.0000, SpuY: 0.0000, EnvMed: 0.0024, Inv: 0.0000, Var: 0.0000, GlobalEnv: 0.0000, BiSmooth: 0.0000, BiSmoothCls: 0.0000, LayerGate: 0.0000, GCFAMGate: 0.0000, GDELF: 0.0000, EnhSem: 0.0000, CFShift: 0.0000, LayerGateMean: 0.499, GraphCFAMGate: 0.664, ICAGate: 0.000, LayerGateLayers: 1, GraphCFAMLayers: 2, BiValid: 0.000, LR: 0.004324, IntScale: 0.806, CEPen: 0.000, Ctx: 2, GMMCtx: 2, GlobalCtx: 0, MixCtx: 0, Train: 95.94%, Valid: 93.86%, Test In: 93.93% Test OOD1: 86.31% 
Epoch: 130, Loss: 0.3236, Cls: 0.2054, Med: 0.0000, FD: 0.0983, CF: 0.0000, FDAug: 0.0000, Ind: 0.0000, DAG: 0.0014, DAGLabel: 0.0102, ICA: 0.0000, Spu: 0.0043, Role: 0.0000, SpuY: 0.0000, EnvMed: 0.0020, Inv: 0.0000, Var: 0.0000, GlobalEnv: 0.0000, BiSmooth: 0.0000, BiSmoothCls: 0.0000, LayerGate: 0.0000, GCFAMGate: 0.0000, GDELF: 0.0000, EnhSem: 0.0000, CFShift: 0.0000, LayerGateMean: 0.499, GraphCFAMGate: 0.667, ICAGate: 0.000, LayerGateLayers: 1, GraphCFAMLayers: 2, BiValid: 0.000, LR: 0.004213, IntScale: 0.914, CEPen: 0.000, Ctx: 2, GMMCtx: 2, GlobalCtx: 0, MixCtx: 0, Train: 96.31%, Valid: 94.30%, Test In: 94.10% Test OOD1: 83.33% 
Epoch: 140, Loss: 0.3131, Cls: 0.1962, Med: 0.0000, FD: 0.0973, CF: 0.0000, FDAug: 0.0000, Ind: 0.0000, DAG: 0.0015, DAGLabel: 0.0098, ICA: 0.0000, Spu: 0.0042, Role: 0.0000, SpuY: 0.0000, EnvMed: 0.0019, Inv: 0.0000, Var: 0.0000, GlobalEnv: 0.0000, BiSmooth: 0.0000, BiSmoothCls: 0.0000, LayerGate: 0.0000, GCFAMGate: 0.0000, GDELF: 0.0000, EnhSem: 0.0000, CFShift: 0.0000, LayerGateMean: 0.499, GraphCFAMGate: 0.661, ICAGate: 0.000, LayerGateLayers: 1, GraphCFAMLayers: 2, BiValid: 0.000, LR: 0.004095, IntScale: 0.980, CEPen: 0.000, Ctx: 2, GMMCtx: 2, GlobalCtx: 0, MixCtx: 0, Train: 96.54%, Valid: 94.20%, Test In: 94.39% Test OOD1: 85.49% 
Epoch: 150, Loss: 0.3062, Cls: 0.1899, Med: 0.0000, FD: 0.0970, CF: 0.0000, FDAug: 0.0000, Ind: 0.0000, DAG: 0.0015, DAGLabel: 0.0095, ICA: 0.0000, Spu: 0.0045, Role: 0.0000, SpuY: 0.0000, EnvMed: 0.0018, Inv: 0.0000, Var: 0.0000, GlobalEnv: 0.0000, BiSmooth: 0.0000, BiSmoothCls: 0.0000, LayerGate: 0.0000, GCFAMGate: 0.0000, GDELF: 0.0000, EnhSem: 0.0000, CFShift: 0.0000, LayerGateMean: 0.499, GraphCFAMGate: 0.670, ICAGate: 0.000, LayerGateLayers: 1, GraphCFAMLayers: 2, BiValid: 0.000, LR: 0.003972, IntScale: 1.000, CEPen: 0.000, Ctx: 2, GMMCtx: 2, GlobalCtx: 0, MixCtx: 0, Train: 96.56%, Valid: 94.18%, Test In: 94.16% Test OOD1: 85.89% 
Epoch: 160, Loss: 0.3020, Cls: 0.1877, Med: 0.0000, FD: 0.0956, CF: 0.0000, FDAug: 0.0000, Ind: 0.0000, DAG: 0.0014, DAGLabel: 0.0093, ICA: 0.0000, Spu: 0.0042, Role: 0.0000, SpuY: 0.0000, EnvMed: 0.0017, Inv: 0.0000, Var: 0.0000, GlobalEnv: 0.0000, BiSmooth: 0.0000, BiSmoothCls: 0.0000, LayerGate: 0.0000, GCFAMGate: 0.0000, GDELF: 0.0000, EnhSem: 0.0000, CFShift: 0.0000, LayerGateMean: 0.499, GraphCFAMGate: 0.667, ICAGate: 0.000, LayerGateLayers: 1, GraphCFAMLayers: 2, BiValid: 0.000, LR: 0.003842, IntScale: 1.000, CEPen: 0.000, Ctx: 2, GMMCtx: 2, GlobalCtx: 0, MixCtx: 0, Train: 97.08%, Valid: 94.70%, Test In: 94.47% Test OOD1: 85.77% 
Epoch: 170, Loss: 0.2884, Cls: 0.1796, Med: 0.0000, FD: 0.0906, CF: 0.0000, FDAug: 0.0000, Ind: 0.0000, DAG: 0.0014, DAGLabel: 0.0091, ICA: 0.0000, Spu: 0.0042, Role: 0.0000, SpuY: 0.0000, EnvMed: 0.0016, Inv: 0.0000, Var: 0.0000, GlobalEnv: 0.0000, BiSmooth: 0.0000, BiSmoothCls: 0.0000, LayerGate: 0.0000, GCFAMGate: 0.0000, GDELF: 0.0000, EnhSem: 0.0000, CFShift: 0.0000, LayerGateMean: 0.499, GraphCFAMGate: 0.670, ICAGate: 0.000, LayerGateLayers: 1, GraphCFAMLayers: 2, BiValid: 0.000, LR: 0.003707, IntScale: 1.000, CEPen: 0.000, Ctx: 2, GMMCtx: 2, GlobalCtx: 0, MixCtx: 0, Train: 97.09%, Valid: 94.52%, Test In: 94.18% Test OOD1: 86.63% 
Epoch: 180, Loss: 0.2854, Cls: 0.1778, Med: 0.0000, FD: 0.0901, CF: 0.0000, FDAug: 0.0000, Ind: 0.0000, DAG: 0.0014, DAGLabel: 0.0089, ICA: 0.0000, Spu: 0.0040, Role: 0.0000, SpuY: 0.0000, EnvMed: 0.0014, Inv: 0.0000, Var: 0.0000, GlobalEnv: 0.0000, BiSmooth: 0.0000, BiSmoothCls: 0.0000, LayerGate: 0.0000, GCFAMGate: 0.0000, GDELF: 0.0000, EnhSem: 0.0000, CFShift: 0.0000, LayerGateMean: 0.499, GraphCFAMGate: 0.670, ICAGate: 0.000, LayerGateLayers: 1, GraphCFAMLayers: 2, BiValid: 0.000, LR: 0.003567, IntScale: 1.000, CEPen: 0.000, Ctx: 2, GMMCtx: 2, GlobalCtx: 0, MixCtx: 0, Train: 97.61%, Valid: 95.10%, Test In: 94.85% Test OOD1: 87.30% 
Epoch: 190, Loss: 0.2666, Cls: 0.1663, Med: 0.0000, FD: 0.0835, CF: 0.0000, FDAug: 0.0000, Ind: 0.0000, DAG: 0.0014, DAGLabel: 0.0083, ICA: 0.0000, Spu: 0.0039, Role: 0.0000, SpuY: 0.0000, EnvMed: 0.0014, Inv: 0.0000, Var: 0.0000, GlobalEnv: 0.0000, BiSmooth: 0.0000, BiSmoothCls: 0.0000, LayerGate: 0.0000, GCFAMGate: 0.0000, GDELF: 0.0000, EnhSem: 0.0000, CFShift: 0.0000, LayerGateMean: 0.499, GraphCFAMGate: 0.664, ICAGate: 0.000, LayerGateLayers: 1, GraphCFAMLayers: 2, BiValid: 0.000, LR: 0.003423, IntScale: 1.000, CEPen: 0.000, Ctx: 2, GMMCtx: 2, GlobalCtx: 0, MixCtx: 0, Train: 97.70%, Valid: 94.91%, Test In: 94.68% Test OOD1: 87.54% 
Epoch: 200, Loss: 0.2670, Cls: 0.1664, Med: 0.0000, FD: 0.0841, CF: 0.0000, FDAug: 0.0000, Ind: 0.0000, DAG: 0.0014, DAGLabel: 0.0082, ICA: 0.0000, Spu: 0.0038, Role: 0.0000, SpuY: 0.0000, EnvMed: 0.0013, Inv: 0.0000, Var: 0.0000, GlobalEnv: 0.0000, BiSmooth: 0.0000, BiSmoothCls: 0.0000, LayerGate: 0.0000, GCFAMGate: 0.0000, GDELF: 0.0000, EnhSem: 0.0000, CFShift: 0.0000, LayerGateMean: 0.499, GraphCFAMGate: 0.670, ICAGate: 0.000, LayerGateLayers: 1, GraphCFAMLayers: 2, BiValid: 0.000, LR: 0.003276, IntScale: 1.000, CEPen: 0.000, Ctx: 2, GMMCtx: 2, GlobalCtx: 0, MixCtx: 0, Train: 97.91%, Valid: 95.02%, Test In: 94.98% Test OOD1: 88.80% 
Epoch: 210, Loss: 0.2597, Cls: 0.1619, Med: 0.0000, FD: 0.0816, CF: 0.0000, FDAug: 0.0000, Ind: 0.0000, DAG: 0.0014, DAGLabel: 0.0081, ICA: 0.0000, Spu: 0.0037, Role: 0.0000, SpuY: 0.0000, EnvMed: 0.0013, Inv: 0.0000, Var: 0.0000, GlobalEnv: 0.0000, BiSmooth: 0.0000, BiSmoothCls: 0.0000, LayerGate: 0.0000, GCFAMGate: 0.0000, GDELF: 0.0000, EnhSem: 0.0000, CFShift: 0.0000, LayerGateMean: 0.499, GraphCFAMGate: 0.669, ICAGate: 0.000, LayerGateLayers: 1, GraphCFAMLayers: 2, BiValid: 0.000, LR: 0.003125, IntScale: 1.000, CEPen: 0.000, Ctx: 2, GMMCtx: 2, GlobalCtx: 0, MixCtx: 0, Train: 98.00%, Valid: 95.36%, Test In: 95.21% Test OOD1: 88.04% 
Epoch: 220, Loss: 0.2497, Cls: 0.1557, Med: 0.0000, FD: 0.0783, CF: 0.0000, FDAug: 0.0000, Ind: 0.0000, DAG: 0.0014, DAGLabel: 0.0079, ICA: 0.0000, Spu: 0.0037, Role: 0.0000, SpuY: 0.0000, EnvMed: 0.0012, Inv: 0.0000, Var: 0.0000, GlobalEnv: 0.0000, BiSmooth: 0.0000, BiSmoothCls: 0.0000, LayerGate: 0.0000, GCFAMGate: 0.0000, GDELF: 0.0000, EnhSem: 0.0000, CFShift: 0.0000, LayerGateMean: 0.499, GraphCFAMGate: 0.673, ICAGate: 0.000, LayerGateLayers: 1, GraphCFAMLayers: 2, BiValid: 0.000, LR: 0.002973, IntScale: 1.000, CEPen: 0.000, Ctx: 2, GMMCtx: 2, GlobalCtx: 0, MixCtx: 0, Train: 98.20%, Valid: 95.44%, Test In: 95.34% Test OOD1: 86.30% 
Epoch: 230, Loss: 0.2505, Cls: 0.1567, Med: 0.0000, FD: 0.0787, CF: 0.0000, FDAug: 0.0000, Ind: 0.0000, DAG: 0.0014, DAGLabel: 0.0077, ICA: 0.0000, Spu: 0.0034, Role: 0.0000, SpuY: 0.0000, EnvMed: 0.0011, Inv: 0.0000, Var: 0.0000, GlobalEnv: 0.0000, BiSmooth: 0.0000, BiSmoothCls: 0.0000, LayerGate: 0.0000, GCFAMGate: 0.0000, GDELF: 0.0000, EnhSem: 0.0000, CFShift: 0.0000, LayerGateMean: 0.500, GraphCFAMGate: 0.667, ICAGate: 0.000, LayerGateLayers: 1, GraphCFAMLayers: 2, BiValid: 0.000, LR: 0.002818, IntScale: 1.000, CEPen: 0.000, Ctx: 2, GMMCtx: 2, GlobalCtx: 0, MixCtx: 0, Train: 98.25%, Valid: 95.36%, Test In: 95.35% Test OOD1: 88.61% 
Epoch: 240, Loss: 0.2409, Cls: 0.1504, Med: 0.0000, FD: 0.0755, CF: 0.0000, FDAug: 0.0000, Ind: 0.0000, DAG: 0.0014, DAGLabel: 0.0075, ICA: 0.0000, Spu: 0.0036, Role: 0.0000, SpuY: 0.0000, EnvMed: 0.0011, Inv: 0.0000, Var: 0.0000, GlobalEnv: 0.0000, BiSmooth: 0.0000, BiSmoothCls: 0.0000, LayerGate: 0.0000, GCFAMGate: 0.0000, GDELF: 0.0000, EnhSem: 0.0000, CFShift: 0.0000, LayerGateMean: 0.500, GraphCFAMGate: 0.671, ICAGate: 0.000, LayerGateLayers: 1, GraphCFAMLayers: 2, BiValid: 0.000, LR: 0.002662, IntScale: 1.000, CEPen: 0.000, Ctx: 2, GMMCtx: 2, GlobalCtx: 0, MixCtx: 0, Train: 98.35%, Valid: 95.70%, Test In: 95.44% Test OOD1: 88.80% 
Epoch: 250, Loss: 0.2438, Cls: 0.1527, Med: 0.0000, FD: 0.0763, CF: 0.0000, FDAug: 0.0000, Ind: 0.0000, DAG: 0.0013, DAGLabel: 0.0075, ICA: 0.0000, Spu: 0.0035, Role: 0.0000, SpuY: 0.0000, EnvMed: 0.0011, Inv: 0.0000, Var: 0.0000, GlobalEnv: 0.0000, BiSmooth: 0.0000, BiSmoothCls: 0.0000, LayerGate: 0.0000, GCFAMGate: 0.0000, GDELF: 0.0000, EnhSem: 0.0000, CFShift: 0.0000, LayerGateMean: 0.500, GraphCFAMGate: 0.669, ICAGate: 0.000, LayerGateLayers: 1, GraphCFAMLayers: 2, BiValid: 0.000, LR: 0.002505, IntScale: 1.000, CEPen: 0.000, Ctx: 2, GMMCtx: 2, GlobalCtx: 0, MixCtx: 0, Train: 98.35%, Valid: 95.65%, Test In: 95.34% Test OOD1: 89.03% 
Epoch: 260, Loss: 0.2396, Cls: 0.1496, Med: 0.0000, FD: 0.0757, CF: 0.0000, FDAug: 0.0000, Ind: 0.0000, DAG: 0.0013, DAGLabel: 0.0074, ICA: 0.0000, Spu: 0.0033, Role: 0.0000, SpuY: 0.0000, EnvMed: 0.0010, Inv: 0.0000, Var: 0.0000, GlobalEnv: 0.0000, BiSmooth: 0.0000, BiSmoothCls: 0.0000, LayerGate: 0.0000, GCFAMGate: 0.0000, GDELF: 0.0000, EnhSem: 0.0000, CFShift: 0.0000, LayerGateMean: 0.499, GraphCFAMGate: 0.672, ICAGate: 0.000, LayerGateLayers: 1, GraphCFAMLayers: 2, BiValid: 0.000, LR: 0.002348, IntScale: 1.000, CEPen: 0.000, Ctx: 2, GMMCtx: 2, GlobalCtx: 0, MixCtx: 0, Train: 98.55%, Valid: 95.79%, Test In: 95.55% Test OOD1: 88.04% 
Epoch: 270, Loss: 0.2284, Cls: 0.1427, Med: 0.0000, FD: 0.0716, CF: 0.0000, FDAug: 0.0000, Ind: 0.0000, DAG: 0.0013, DAGLabel: 0.0071, ICA: 0.0000, Spu: 0.0033, Role: 0.0000, SpuY: 0.0000, EnvMed: 0.0009, Inv: 0.0000, Var: 0.0000, GlobalEnv: 0.0000, BiSmooth: 0.0000, BiSmoothCls: 0.0000, LayerGate: 0.0000, GCFAMGate: 0.0000, GDELF: 0.0000, EnhSem: 0.0000, CFShift: 0.0000, LayerGateMean: 0.500, GraphCFAMGate: 0.670, ICAGate: 0.000, LayerGateLayers: 1, GraphCFAMLayers: 2, BiValid: 0.000, LR: 0.002192, IntScale: 1.000, CEPen: 0.000, Ctx: 2, GMMCtx: 2, GlobalCtx: 0, MixCtx: 0, Train: 98.66%, Valid: 95.83%, Test In: 95.65% Test OOD1: 89.89% 
Epoch: 280, Loss: 0.2280, Cls: 0.1420, Med: 0.0000, FD: 0.0719, CF: 0.0000, FDAug: 0.0000, Ind: 0.0000, DAG: 0.0014, DAGLabel: 0.0071, ICA: 0.0000, Spu: 0.0033, Role: 0.0000, SpuY: 0.0000, EnvMed: 0.0010, Inv: 0.0000, Var: 0.0000, GlobalEnv: 0.0000, BiSmooth: 0.0000, BiSmoothCls: 0.0000, LayerGate: 0.0000, GCFAMGate: 0.0000, GDELF: 0.0000, EnhSem: 0.0000, CFShift: 0.0000, LayerGateMean: 0.500, GraphCFAMGate: 0.672, ICAGate: 0.000, LayerGateLayers: 1, GraphCFAMLayers: 2, BiValid: 0.000, LR: 0.002037, IntScale: 1.000, CEPen: 0.000, Ctx: 2, GMMCtx: 2, GlobalCtx: 0, MixCtx: 0, Train: 98.63%, Valid: 95.67%, Test In: 95.50% Test OOD1: 89.02% 
Epoch: 290, Loss: 0.2295, Cls: 0.1435, Med: 0.0000, FD: 0.0721, CF: 0.0000, FDAug: 0.0000, Ind: 0.0000, DAG: 0.0014, DAGLabel: 0.0071, ICA: 0.0000, Spu: 0.0032, Role: 0.0000, SpuY: 0.0000, EnvMed: 0.0009, Inv: 0.0000, Var: 0.0000, GlobalEnv: 0.0000, BiSmooth: 0.0000, BiSmoothCls: 0.0000, LayerGate: 0.0000, GCFAMGate: 0.0000, GDELF: 0.0000, EnhSem: 0.0000, CFShift: 0.0000, LayerGateMean: 0.500, GraphCFAMGate: 0.669, ICAGate: 0.000, LayerGateLayers: 1, GraphCFAMLayers: 2, BiValid: 0.000, LR: 0.001885, IntScale: 1.000, CEPen: 0.000, Ctx: 2, GMMCtx: 2, GlobalCtx: 0, MixCtx: 0, Train: 98.81%, Valid: 96.08%, Test In: 95.88% Test OOD1: 87.98% 
Epoch: 300, Loss: 0.2189, Cls: 0.1364, Med: 0.0000, FD: 0.0689, CF: 0.0000, FDAug: 0.0000, Ind: 0.0000, DAG: 0.0013, DAGLabel: 0.0068, ICA: 0.0000, Spu: 0.0033, Role: 0.0000, SpuY: 0.0000, EnvMed: 0.0009, Inv: 0.0000, Var: 0.0000, GlobalEnv: 0.0000, BiSmooth: 0.0000, BiSmoothCls: 0.0000, LayerGate: 0.0000, GCFAMGate: 0.0000, GDELF: 0.0000, EnhSem: 0.0000, CFShift: 0.0000, LayerGateMean: 0.500, GraphCFAMGate: 0.674, ICAGate: 0.000, LayerGateLayers: 1, GraphCFAMLayers: 2, BiValid: 0.000, LR: 0.001734, IntScale: 1.000, CEPen: 0.000, Ctx: 2, GMMCtx: 2, GlobalCtx: 0, MixCtx: 0, Train: 98.83%, Valid: 96.13%, Test In: 95.84% Test OOD1: 88.53% 
Epoch: 310, Loss: 0.2161, Cls: 0.1349, Med: 0.0000, FD: 0.0678, CF: 0.0000, FDAug: 0.0000, Ind: 0.0000, DAG: 0.0013, DAGLabel: 0.0067, ICA: 0.0000, Spu: 0.0032, Role: 0.0000, SpuY: 0.0000, EnvMed: 0.0010, Inv: 0.0000, Var: 0.0000, GlobalEnv: 0.0000, BiSmooth: 0.0000, BiSmoothCls: 0.0000, LayerGate: 0.0000, GCFAMGate: 0.0000, GDELF: 0.0000, EnhSem: 0.0000, CFShift: 0.0000, LayerGateMean: 0.500, GraphCFAMGate: 0.671, ICAGate: 0.000, LayerGateLayers: 1, GraphCFAMLayers: 2, BiValid: 0.000, LR: 0.001587, IntScale: 1.000, CEPen: 0.000, Ctx: 2, GMMCtx: 2, GlobalCtx: 0, MixCtx: 0, Train: 98.86%, Valid: 96.10%, Test In: 95.76% Test OOD1: 89.15% 
Epoch: 320, Loss: 0.2201, Cls: 0.1379, Med: 0.0000, FD: 0.0690, CF: 0.0000, FDAug: 0.0000, Ind: 0.0000, DAG: 0.0013, DAGLabel: 0.0067, ICA: 0.0000, Spu: 0.0031, Role: 0.0000, SpuY: 0.0000, EnvMed: 0.0009, Inv: 0.0000, Var: 0.0000, GlobalEnv: 0.0000, BiSmooth: 0.0000, BiSmoothCls: 0.0000, LayerGate: 0.0000, GCFAMGate: 0.0000, GDELF: 0.0000, EnhSem: 0.0000, CFShift: 0.0000, LayerGateMean: 0.500, GraphCFAMGate: 0.673, ICAGate: 0.000, LayerGateLayers: 1, GraphCFAMLayers: 2, BiValid: 0.000, LR: 0.001443, IntScale: 1.000, CEPen: 0.000, Ctx: 2, GMMCtx: 2, GlobalCtx: 0, MixCtx: 0, Train: 98.93%, Valid: 96.06%, Test In: 95.76% Test OOD1: 88.93% 
Epoch: 330, Loss: 0.2131, Cls: 0.1332, Med: 0.0000, FD: 0.0667, CF: 0.0000, FDAug: 0.0000, Ind: 0.0000, DAG: 0.0013, DAGLabel: 0.0067, ICA: 0.0000, Spu: 0.0032, Role: 0.0000, SpuY: 0.0000, EnvMed: 0.0009, Inv: 0.0000, Var: 0.0000, GlobalEnv: 0.0000, BiSmooth: 0.0000, BiSmoothCls: 0.0000, LayerGate: 0.0000, GCFAMGate: 0.0000, GDELF: 0.0000, EnhSem: 0.0000, CFShift: 0.0000, LayerGateMean: 0.500, GraphCFAMGate: 0.673, ICAGate: 0.000, LayerGateLayers: 1, GraphCFAMLayers: 2, BiValid: 0.000, LR: 0.001303, IntScale: 1.000, CEPen: 0.000, Ctx: 2, GMMCtx: 2, GlobalCtx: 0, MixCtx: 0, Train: 98.87%, Valid: 96.11%, Test In: 95.88% Test OOD1: 90.09% 
Epoch: 340, Loss: 0.2111, Cls: 0.1319, Med: 0.0000, FD: 0.0664, CF: 0.0000, FDAug: 0.0000, Ind: 0.0000, DAG: 0.0013, DAGLabel: 0.0065, ICA: 0.0000, Spu: 0.0030, Role: 0.0000, SpuY: 0.0000, EnvMed: 0.0008, Inv: 0.0000, Var: 0.0000, GlobalEnv: 0.0000, BiSmooth: 0.0000, BiSmoothCls: 0.0000, LayerGate: 0.0000, GCFAMGate: 0.0000, GDELF: 0.0000, EnhSem: 0.0000, CFShift: 0.0000, LayerGateMean: 0.500, GraphCFAMGate: 0.672, ICAGate: 0.000, LayerGateLayers: 1, GraphCFAMLayers: 2, BiValid: 0.000, LR: 0.001168, IntScale: 1.000, CEPen: 0.000, Ctx: 2, GMMCtx: 2, GlobalCtx: 0, MixCtx: 0, Train: 99.06%, Valid: 96.23%, Test In: 96.00% Test OOD1: 89.51% 
Epoch: 350, Loss: 0.2075, Cls: 0.1294, Med: 0.0000, FD: 0.0653, CF: 0.0000, FDAug: 0.0000, Ind: 0.0000, DAG: 0.0013, DAGLabel: 0.0064, ICA: 0.0000, Spu: 0.0032, Role: 0.0000, SpuY: 0.0000, EnvMed: 0.0008, Inv: 0.0000, Var: 0.0000, GlobalEnv: 0.0000, BiSmooth: 0.0000, BiSmoothCls: 0.0000, LayerGate: 0.0000, GCFAMGate: 0.0000, GDELF: 0.0000, EnhSem: 0.0000, CFShift: 0.0000, LayerGateMean: 0.500, GraphCFAMGate: 0.673, ICAGate: 0.000, LayerGateLayers: 1, GraphCFAMLayers: 2, BiValid: 0.000, LR: 0.001038, IntScale: 1.000, CEPen: 0.000, Ctx: 2, GMMCtx: 2, GlobalCtx: 0, MixCtx: 0, Train: 99.07%, Valid: 96.23%, Test In: 95.99% Test OOD1: 89.42% 
Epoch: 360, Loss: 0.2121, Cls: 0.1326, Med: 0.0000, FD: 0.0666, CF: 0.0000, FDAug: 0.0000, Ind: 0.0000, DAG: 0.0013, DAGLabel: 0.0066, ICA: 0.0000, Spu: 0.0031, Role: 0.0000, SpuY: 0.0000, EnvMed: 0.0008, Inv: 0.0000, Var: 0.0000, GlobalEnv: 0.0000, BiSmooth: 0.0000, BiSmoothCls: 0.0000, LayerGate: 0.0000, GCFAMGate: 0.0000, GDELF: 0.0000, EnhSem: 0.0000, CFShift: 0.0000, LayerGateMean: 0.500, GraphCFAMGate: 0.672, ICAGate: 0.000, LayerGateLayers: 1, GraphCFAMLayers: 2, BiValid: 0.000, LR: 0.000915, IntScale: 1.000, CEPen: 0.000, Ctx: 2, GMMCtx: 2, GlobalCtx: 0, MixCtx: 0, Train: 99.08%, Valid: 96.26%, Test In: 96.11% Test OOD1: 89.97% 
Epoch: 370, Loss: 0.2114, Cls: 0.1323, Med: 0.0000, FD: 0.0664, CF: 0.0000, FDAug: 0.0000, Ind: 0.0000, DAG: 0.0013, DAGLabel: 0.0064, ICA: 0.0000, Spu: 0.0030, Role: 0.0000, SpuY: 0.0000, EnvMed: 0.0008, Inv: 0.0000, Var: 0.0000, GlobalEnv: 0.0000, BiSmooth: 0.0000, BiSmoothCls: 0.0000, LayerGate: 0.0000, GCFAMGate: 0.0000, GDELF: 0.0000, EnhSem: 0.0000, CFShift: 0.0000, LayerGateMean: 0.500, GraphCFAMGate: 0.675, ICAGate: 0.000, LayerGateLayers: 1, GraphCFAMLayers: 2, BiValid: 0.000, LR: 0.000797, IntScale: 1.000, CEPen: 0.000, Ctx: 2, GMMCtx: 2, GlobalCtx: 0, MixCtx: 0, Train: 99.12%, Valid: 96.29%, Test In: 96.00% Test OOD1: 89.73% 
Epoch: 380, Loss: 0.2062, Cls: 0.1289, Med: 0.0000, FD: 0.0646, CF: 0.0000, FDAug: 0.0000, Ind: 0.0000, DAG: 0.0013, DAGLabel: 0.0063, ICA: 0.0000, Spu: 0.0031, Role: 0.0000, SpuY: 0.0000, EnvMed: 0.0009, Inv: 0.0000, Var: 0.0000, GlobalEnv: 0.0000, BiSmooth: 0.0000, BiSmoothCls: 0.0000, LayerGate: 0.0000, GCFAMGate: 0.0000, GDELF: 0.0000, EnhSem: 0.0000, CFShift: 0.0000, LayerGateMean: 0.500, GraphCFAMGate: 0.676, ICAGate: 0.000, LayerGateLayers: 1, GraphCFAMLayers: 2, BiValid: 0.000, LR: 0.000686, IntScale: 1.000, CEPen: 0.000, Ctx: 2, GMMCtx: 2, GlobalCtx: 0, MixCtx: 0, Train: 99.17%, Valid: 96.39%, Test In: 96.14% Test OOD1: 89.75% 
Epoch: 390, Loss: 0.1979, Cls: 0.1235, Med: 0.0000, FD: 0.0621, CF: 0.0000, FDAug: 0.0000, Ind: 0.0000, DAG: 0.0013, DAGLabel: 0.0061, ICA: 0.0000, Spu: 0.0030, Role: 0.0000, SpuY: 0.0000, EnvMed: 0.0008, Inv: 0.0000, Var: 0.0000, GlobalEnv: 0.0000, BiSmooth: 0.0000, BiSmoothCls: 0.0000, LayerGate: 0.0000, GCFAMGate: 0.0000, GDELF: 0.0000, EnhSem: 0.0000, CFShift: 0.0000, LayerGateMean: 0.500, GraphCFAMGate: 0.674, ICAGate: 0.000, LayerGateLayers: 1, GraphCFAMLayers: 2, BiValid: 0.000, LR: 0.000583, IntScale: 1.000, CEPen: 0.000, Ctx: 2, GMMCtx: 2, GlobalCtx: 0, MixCtx: 0, Train: 99.11%, Valid: 96.34%, Test In: 96.06% Test OOD1: 90.58% 
Epoch: 400, Loss: 0.1968, Cls: 0.1229, Med: 0.0000, FD: 0.0616, CF: 0.0000, FDAug: 0.0000, Ind: 0.0000, DAG: 0.0013, DAGLabel: 0.0061, ICA: 0.0000, Spu: 0.0029, Role: 0.0000, SpuY: 0.0000, EnvMed: 0.0008, Inv: 0.0000, Var: 0.0000, GlobalEnv: 0.0000, BiSmooth: 0.0000, BiSmoothCls: 0.0000, LayerGate: 0.0000, GCFAMGate: 0.0000, GDELF: 0.0000, EnhSem: 0.0000, CFShift: 0.0000, LayerGateMean: 0.500, GraphCFAMGate: 0.676, ICAGate: 0.000, LayerGateLayers: 1, GraphCFAMLayers: 2, BiValid: 0.000, LR: 0.000487, IntScale: 1.000, CEPen: 0.000, Ctx: 2, GMMCtx: 2, GlobalCtx: 0, MixCtx: 0, Train: 99.22%, Valid: 96.40%, Test In: 96.21% Test OOD1: 90.01% 
Epoch: 410, Loss: 0.1961, Cls: 0.1225, Med: 0.0000, FD: 0.0613, CF: 0.0000, FDAug: 0.0000, Ind: 0.0000, DAG: 0.0013, DAGLabel: 0.0060, ICA: 0.0000, Spu: 0.0030, Role: 0.0000, SpuY: 0.0000, EnvMed: 0.0008, Inv: 0.0000, Var: 0.0000, GlobalEnv: 0.0000, BiSmooth: 0.0000, BiSmoothCls: 0.0000, LayerGate: 0.0000, GCFAMGate: 0.0000, GDELF: 0.0000, EnhSem: 0.0000, CFShift: 0.0000, LayerGateMean: 0.500, GraphCFAMGate: 0.677, ICAGate: 0.000, LayerGateLayers: 1, GraphCFAMLayers: 2, BiValid: 0.000, LR: 0.000398, IntScale: 1.000, CEPen: 0.000, Ctx: 2, GMMCtx: 2, GlobalCtx: 0, MixCtx: 0, Train: 99.21%, Valid: 96.44%, Test In: 96.19% Test OOD1: 89.69% 
Epoch: 420, Loss: 0.2008, Cls: 0.1253, Med: 0.0000, FD: 0.0630, CF: 0.0000, FDAug: 0.0000, Ind: 0.0000, DAG: 0.0013, DAGLabel: 0.0063, ICA: 0.0000, Spu: 0.0030, Role: 0.0000, SpuY: 0.0000, EnvMed: 0.0008, Inv: 0.0000, Var: 0.0000, GlobalEnv: 0.0000, BiSmooth: 0.0000, BiSmoothCls: 0.0000, LayerGate: 0.0000, GCFAMGate: 0.0000, GDELF: 0.0000, EnhSem: 0.0000, CFShift: 0.0000, LayerGateMean: 0.500, GraphCFAMGate: 0.676, ICAGate: 0.000, LayerGateLayers: 1, GraphCFAMLayers: 2, BiValid: 0.000, LR: 0.000319, IntScale: 1.000, CEPen: 0.000, Ctx: 2, GMMCtx: 2, GlobalCtx: 0, MixCtx: 0, Train: 99.22%, Valid: 96.52%, Test In: 96.20% Test OOD1: 90.21% 
Epoch: 430, Loss: 0.2041, Cls: 0.1274, Med: 0.0000, FD: 0.0643, CF: 0.0000, FDAug: 0.0000, Ind: 0.0000, DAG: 0.0013, DAGLabel: 0.0062, ICA: 0.0000, Spu: 0.0030, Role: 0.0000, SpuY: 0.0000, EnvMed: 0.0008, Inv: 0.0000, Var: 0.0000, GlobalEnv: 0.0000, BiSmooth: 0.0000, BiSmoothCls: 0.0000, LayerGate: 0.0000, GCFAMGate: 0.0000, GDELF: 0.0000, EnhSem: 0.0000, CFShift: 0.0000, LayerGateMean: 0.500, GraphCFAMGate: 0.677, ICAGate: 0.000, LayerGateLayers: 1, GraphCFAMLayers: 2, BiValid: 0.000, LR: 0.000247, IntScale: 1.000, CEPen: 0.000, Ctx: 2, GMMCtx: 2, GlobalCtx: 0, MixCtx: 0, Train: 99.24%, Valid: 96.55%, Test In: 96.22% Test OOD1: 90.08% 
Epoch: 440, Loss: 0.1988, Cls: 0.1241, Med: 0.0000, FD: 0.0623, CF: 0.0000, FDAug: 0.0000, Ind: 0.0000, DAG: 0.0013, DAGLabel: 0.0062, ICA: 0.0000, Spu: 0.0030, Role: 0.0000, SpuY: 0.0000, EnvMed: 0.0008, Inv: 0.0000, Var: 0.0000, GlobalEnv: 0.0000, BiSmooth: 0.0000, BiSmoothCls: 0.0000, LayerGate: 0.0000, GCFAMGate: 0.0000, GDELF: 0.0000, EnhSem: 0.0000, CFShift: 0.0000, LayerGateMean: 0.500, GraphCFAMGate: 0.677, ICAGate: 0.000, LayerGateLayers: 1, GraphCFAMLayers: 2, BiValid: 0.000, LR: 0.000185, IntScale: 1.000, CEPen: 0.000, Ctx: 2, GMMCtx: 2, GlobalCtx: 0, MixCtx: 0, Train: 99.23%, Valid: 96.48%, Test In: 96.17% Test OOD1: 90.09% 
Epoch: 450, Loss: 0.1900, Cls: 0.1187, Med: 0.0000, FD: 0.0593, CF: 0.0000, FDAug: 0.0000, Ind: 0.0000, DAG: 0.0013, DAGLabel: 0.0059, ICA: 0.0000, Spu: 0.0029, Role: 0.0000, SpuY: 0.0000, EnvMed: 0.0008, Inv: 0.0000, Var: 0.0000, GlobalEnv: 0.0000, BiSmooth: 0.0000, BiSmoothCls: 0.0000, LayerGate: 0.0000, GCFAMGate: 0.0000, GDELF: 0.0000, EnhSem: 0.0000, CFShift: 0.0000, LayerGateMean: 0.500, GraphCFAMGate: 0.676, ICAGate: 0.000, LayerGateLayers: 1, GraphCFAMLayers: 2, BiValid: 0.000, LR: 0.000132, IntScale: 1.000, CEPen: 0.000, Ctx: 2, GMMCtx: 2, GlobalCtx: 0, MixCtx: 0, Train: 99.22%, Valid: 96.48%, Test In: 96.21% Test OOD1: 90.44% 
Epoch: 460, Loss: 0.1934, Cls: 0.1205, Med: 0.0000, FD: 0.0607, CF: 0.0000, FDAug: 0.0000, Ind: 0.0000, DAG: 0.0013, DAGLabel: 0.0059, ICA: 0.0000, Spu: 0.0030, Role: 0.0000, SpuY: 0.0000, EnvMed: 0.0008, Inv: 0.0000, Var: 0.0000, GlobalEnv: 0.0000, BiSmooth: 0.0000, BiSmoothCls: 0.0000, LayerGate: 0.0000, GCFAMGate: 0.0000, GDELF: 0.0000, EnhSem: 0.0000, CFShift: 0.0000, LayerGateMean: 0.500, GraphCFAMGate: 0.676, ICAGate: 0.000, LayerGateLayers: 1, GraphCFAMLayers: 2, BiValid: 0.000, LR: 0.000088, IntScale: 1.000, CEPen: 0.000, Ctx: 2, GMMCtx: 2, GlobalCtx: 0, MixCtx: 0, Train: 99.25%, Valid: 96.57%, Test In: 96.19% Test OOD1: 90.19% 
Epoch: 470, Loss: 0.2009, Cls: 0.1254, Med: 0.0000, FD: 0.0633, CF: 0.0000, FDAug: 0.0000, Ind: 0.0000, DAG: 0.0013, DAGLabel: 0.0062, ICA: 0.0000, Spu: 0.0029, Role: 0.0000, SpuY: 0.0000, EnvMed: 0.0008, Inv: 0.0000, Var: 0.0000, GlobalEnv: 0.0000, BiSmooth: 0.0000, BiSmoothCls: 0.0000, LayerGate: 0.0000, GCFAMGate: 0.0000, GDELF: 0.0000, EnhSem: 0.0000, CFShift: 0.0000, LayerGateMean: 0.500, GraphCFAMGate: 0.676, ICAGate: 0.000, LayerGateLayers: 1, GraphCFAMLayers: 2, BiValid: 0.000, LR: 0.000054, IntScale: 1.000, CEPen: 0.000, Ctx: 2, GMMCtx: 2, GlobalCtx: 0, MixCtx: 0, Train: 99.24%, Valid: 96.53%, Test In: 96.22% Test OOD1: 90.32% 
Epoch: 480, Loss: 0.1987, Cls: 0.1241, Med: 0.0000, FD: 0.0623, CF: 0.0000, FDAug: 0.0000, Ind: 0.0000, DAG: 0.0013, DAGLabel: 0.0062, ICA: 0.0000, Spu: 0.0030, Role: 0.0000, SpuY: 0.0000, EnvMed: 0.0008, Inv: 0.0000, Var: 0.0000, GlobalEnv: 0.0000, BiSmooth: 0.0000, BiSmoothCls: 0.0000, LayerGate: 0.0000, GCFAMGate: 0.0000, GDELF: 0.0000, EnhSem: 0.0000, CFShift: 0.0000, LayerGateMean: 0.500, GraphCFAMGate: 0.676, ICAGate: 0.000, LayerGateLayers: 1, GraphCFAMLayers: 2, BiValid: 0.000, LR: 0.000030, IntScale: 1.000, CEPen: 0.000, Ctx: 2, GMMCtx: 2, GlobalCtx: 0, MixCtx: 0, Train: 99.23%, Valid: 96.49%, Test In: 96.16% Test OOD1: 90.27% 
Epoch: 490, Loss: 0.1952, Cls: 0.1219, Med: 0.0000, FD: 0.0612, CF: 0.0000, FDAug: 0.0000, Ind: 0.0000, DAG: 0.0013, DAGLabel: 0.0060, ICA: 0.0000, Spu: 0.0030, Role: 0.0000, SpuY: 0.0000, EnvMed: 0.0008, Inv: 0.0000, Var: 0.0000, GlobalEnv: 0.0000, BiSmooth: 0.0000, BiSmoothCls: 0.0000, LayerGate: 0.0000, GCFAMGate: 0.0000, GDELF: 0.0000, EnhSem: 0.0000, CFShift: 0.0000, LayerGateMean: 0.500, GraphCFAMGate: 0.676, ICAGate: 0.000, LayerGateLayers: 1, GraphCFAMLayers: 2, BiValid: 0.000, LR: 0.000015, IntScale: 1.000, CEPen: 0.000, Ctx: 2, GMMCtx: 2, GlobalCtx: 0, MixCtx: 0, Train: 99.25%, Valid: 96.53%, Test In: 96.15% Test OOD1: 90.12% 
Run 01:
Highest Train: 99.26
Highest Valid: 96.61
Highest In Test: 96.26
Highest OOD Test: 90.69
Chosen epoch: 433
Final Train: 99.26
Final In Test: 96.21
Final OOD Test: 89.95
Epoch: 000, Loss: 1.2190, Cls: 1.1107, Med: 0.0000, FD: 0.0000, CF: 0.0000, FDAug: 0.0000, Ind: 0.0000, DAG: 0.0001, DAGLabel: 0.0550, ICA: 0.0000, Spu: 0.0532, Role: 0.0000, SpuY: 0.0000, EnvMed: 0.0000, Inv: 0.0000, Var: 0.0000, GlobalEnv: 0.0000, BiSmooth: 0.0000, BiSmoothCls: 0.0000, LayerGate: 0.0000, GCFAMGate: 0.0000, GDELF: 0.0000, EnhSem: 0.0000, CFShift: 0.0000, LayerGateMean: 0.500, GraphCFAMGate: 0.500, ICAGate: 0.000, LayerGateLayers: 1, GraphCFAMLayers: 2, BiValid: 0.000, LR: 0.005000, IntScale: 0.000, CEPen: 0.000, Ctx: 2, GMMCtx: 2, GlobalCtx: 0, MixCtx: 0, Train: 56.81%, Valid: 56.49%, Test In: 56.80% Test OOD1: 40.43% 
Epoch: 010, Loss: 0.5569, Cls: 0.4652, Med: 0.0000, FD: 0.0000, CF: 0.0000, FDAug: 0.0000, Ind: 0.0000, DAG: 0.0007, DAGLabel: 0.0374, ICA: 0.0000, Spu: 0.0536, Role: 0.0000, SpuY: 0.0000, EnvMed: 0.0000, Inv: 0.0000, Var: 0.0000, GlobalEnv: 0.0000, BiSmooth: 0.0000, BiSmoothCls: 0.0000, LayerGate: 0.0000, GCFAMGate: 0.0000, GDELF: 0.0000, EnhSem: 0.0000, CFShift: 0.0000, LayerGateMean: 0.501, GraphCFAMGate: 0.676, ICAGate: 0.000, LayerGateLayers: 1, GraphCFAMLayers: 2, BiValid: 0.000, LR: 0.004995, IntScale: 0.000, CEPen: 0.000, Ctx: 2, GMMCtx: 2, GlobalCtx: 0, MixCtx: 0, Train: 86.92%, Valid: 86.75%, Test In: 86.84% Test OOD1: 64.95% 
Epoch: 020, Loss: 0.4446, Cls: 0.3807, Med: 0.0000, FD: 0.0000, CF: 0.0000, FDAug: 0.0000, Ind: 0.0000, DAG: 0.0006, DAGLabel: 0.0236, ICA: 0.0000, Spu: 0.0397, Role: 0.0000, SpuY: 0.0000, EnvMed: 0.0000, Inv: 0.0000, Var: 0.0000, GlobalEnv: 0.0000, BiSmooth: 0.0000, BiSmoothCls: 0.0000, LayerGate: 0.0000, GCFAMGate: 0.0000, GDELF: 0.0000, EnhSem: 0.0000, CFShift: 0.0000, LayerGateMean: 0.501, GraphCFAMGate: 0.649, ICAGate: 0.000, LayerGateLayers: 1, GraphCFAMLayers: 2, BiValid: 0.000, LR: 0.004980, IntScale: 0.000, CEPen: 0.000, Ctx: 2, GMMCtx: 2, GlobalCtx: 0, MixCtx: 0, Train: 89.95%, Valid: 89.55%, Test In: 89.92% Test OOD1: 63.40% 
Epoch: 030, Loss: 0.3894, Cls: 0.3440, Med: 0.0000, FD: 0.0000, CF: 0.0000, FDAug: 0.0000, Ind: 0.0000, DAG: 0.0005, DAGLabel: 0.0194, ICA: 0.0000, Spu: 0.0254, Role: 0.0000, SpuY: 0.0000, EnvMed: 0.0000, Inv: 0.0000, Var: 0.0000, GlobalEnv: 0.0000, BiSmooth: 0.0000, BiSmoothCls: 0.0000, LayerGate: 0.0000, GCFAMGate: 0.0000, GDELF: 0.0000, EnhSem: 0.0000, CFShift: 0.0000, LayerGateMean: 0.501, GraphCFAMGate: 0.673, ICAGate: 0.000, LayerGateLayers: 1, GraphCFAMLayers: 2, BiValid: 0.000, LR: 0.004956, IntScale: 0.000, CEPen: 0.000, Ctx: 2, GMMCtx: 2, GlobalCtx: 0, MixCtx: 0, Train: 90.80%, Valid: 90.22%, Test In: 90.73% Test OOD1: 66.59% 
Epoch: 040, Loss: 0.3464, Cls: 0.3116, Med: 0.0000, FD: 0.0000, CF: 0.0000, FDAug: 0.0000, Ind: 0.0000, DAG: 0.0003, DAGLabel: 0.0173, ICA: 0.0000, Spu: 0.0172, Role: 0.0000, SpuY: 0.0000, EnvMed: 0.0000, Inv: 0.0000, Var: 0.0000, GlobalEnv: 0.0000, BiSmooth: 0.0000, BiSmoothCls: 0.0000, LayerGate: 0.0000, GCFAMGate: 0.0000, GDELF: 0.0000, EnhSem: 0.0000, CFShift: 0.0000, LayerGateMean: 0.502, GraphCFAMGate: 0.668, ICAGate: 0.000, LayerGateLayers: 1, GraphCFAMLayers: 2, BiValid: 0.000, LR: 0.004922, IntScale: 0.000, CEPen: 0.000, Ctx: 2, GMMCtx: 2, GlobalCtx: 0, MixCtx: 0, Train: 91.73%, Valid: 91.05%, Test In: 91.57% Test OOD1: 70.81% 
Epoch: 050, Loss: 0.3037, Cls: 0.2794, Med: 0.0000, FD: 0.0000, CF: 0.0000, FDAug: 0.0000, Ind: 0.0000, DAG: 0.0002, DAGLabel: 0.0157, ICA: 0.0000, Spu: 0.0083, Role: 0.0000, SpuY: 0.0000, EnvMed: 0.0000, Inv: 0.0000, Var: 0.0000, GlobalEnv: 0.0000, BiSmooth: 0.0000, BiSmoothCls: 0.0000, LayerGate: 0.0000, GCFAMGate: 0.0000, GDELF: 0.0000, EnhSem: 0.0000, CFShift: 0.0000, LayerGateMean: 0.502, GraphCFAMGate: 0.656, ICAGate: 0.000, LayerGateLayers: 1, GraphCFAMLayers: 2, BiValid: 0.000, LR: 0.004878, IntScale: 0.000, CEPen: 0.000, Ctx: 2, GMMCtx: 2, GlobalCtx: 0, MixCtx: 0, Train: 92.63%, Valid: 91.76%, Test In: 92.13% Test OOD1: 74.78% 
Epoch: 060, Loss: 0.2911, Cls: 0.2633, Med: 0.0000, FD: 0.0042, CF: 0.0000, FDAug: 0.0000, Ind: 0.0000, DAG: 0.0002, DAGLabel: 0.0144, ICA: 0.0000, Spu: 0.0057, Role: 0.0000, SpuY: 0.0000, EnvMed: 0.0031, Inv: 0.0000, Var: 0.0000, GlobalEnv: 0.0000, BiSmooth: 0.0000, BiSmoothCls: 0.0000, LayerGate: 0.0000, GCFAMGate: 0.0000, GDELF: 0.0000, EnhSem: 0.0000, CFShift: 0.0000, LayerGateMean: 0.502, GraphCFAMGate: 0.660, ICAGate: 0.000, LayerGateLayers: 1, GraphCFAMLayers: 2, BiValid: 0.000, LR: 0.004825, IntScale: 0.030, CEPen: 0.000, Ctx: 2, GMMCtx: 2, GlobalCtx: 0, MixCtx: 0, Train: 93.22%, Valid: 92.05%, Test In: 92.40% Test OOD1: 77.36% 
Epoch: 070, Loss: 0.2889, Cls: 0.2480, Med: 0.0000, FD: 0.0140, CF: 0.0000, FDAug: 0.0000, Ind: 0.0000, DAG: 0.0002, DAGLabel: 0.0134, ICA: 0.0000, Spu: 0.0046, Role: 0.0000, SpuY: 0.0000, EnvMed: 0.0081, Inv: 0.0000, Var: 0.0000, GlobalEnv: 0.0000, BiSmooth: 0.0000, BiSmoothCls: 0.0000, LayerGate: 0.0000, GCFAMGate: 0.0000, GDELF: 0.0000, EnhSem: 0.0000, CFShift: 0.0000, LayerGateMean: 0.502, GraphCFAMGate: 0.664, ICAGate: 0.000, LayerGateLayers: 1, GraphCFAMLayers: 2, BiValid: 0.000, LR: 0.004763, IntScale: 0.105, CEPen: 0.000, Ctx: 2, GMMCtx: 2, GlobalCtx: 0, MixCtx: 0, Train: 94.01%, Valid: 92.59%, Test In: 92.97% Test OOD1: 77.50% 
Epoch: 080, Loss: 0.2951, Cls: 0.2425, Med: 0.0000, FD: 0.0290, CF: 0.0000, FDAug: 0.0000, Ind: 0.0000, DAG: 0.0002, DAGLabel: 0.0127, ICA: 0.0000, Spu: 0.0043, Role: 0.0000, SpuY: 0.0000, EnvMed: 0.0053, Inv: 0.0000, Var: 0.0000, GlobalEnv: 0.0000, BiSmooth: 0.0000, BiSmoothCls: 0.0000, LayerGate: 0.0000, GCFAMGate: 0.0000, GDELF: 0.0000, EnhSem: 0.0000, CFShift: 0.0000, LayerGateMean: 0.501, GraphCFAMGate: 0.667, ICAGate: 0.000, LayerGateLayers: 1, GraphCFAMLayers: 2, BiValid: 0.000, LR: 0.004691, IntScale: 0.219, CEPen: 0.000, Ctx: 2, GMMCtx: 2, GlobalCtx: 0, MixCtx: 0, Train: 93.96%, Valid: 92.71%, Test In: 92.76% Test OOD1: 82.01% 
Epoch: 090, Loss: 0.2984, Cls: 0.2320, Med: 0.0000, FD: 0.0448, CF: 0.0000, FDAug: 0.0000, Ind: 0.0000, DAG: 0.0002, DAGLabel: 0.0121, ICA: 0.0000, Spu: 0.0047, Role: 0.0000, SpuY: 0.0000, EnvMed: 0.0032, Inv: 0.0000, Var: 0.0000, GlobalEnv: 0.0000, BiSmooth: 0.0000, BiSmoothCls: 0.0000, LayerGate: 0.0000, GCFAMGate: 0.0000, GDELF: 0.0000, EnhSem: 0.0000, CFShift: 0.0000, LayerGateMean: 0.501, GraphCFAMGate: 0.667, ICAGate: 0.000, LayerGateLayers: 1, GraphCFAMLayers: 2, BiValid: 0.000, LR: 0.004612, IntScale: 0.361, CEPen: 0.000, Ctx: 2, GMMCtx: 2, GlobalCtx: 0, MixCtx: 0, Train: 94.54%, Valid: 93.01%, Test In: 93.08% Test OOD1: 81.65% 
Epoch: 100, Loss: 0.3021, Cls: 0.2204, Med: 0.0000, FD: 0.0599, CF: 0.0000, FDAug: 0.0000, Ind: 0.0000, DAG: 0.0002, DAGLabel: 0.0114, ICA: 0.0000, Spu: 0.0050, Role: 0.0000, SpuY: 0.0000, EnvMed: 0.0034, Inv: 0.0000, Var: 0.0000, GlobalEnv: 0.0000, BiSmooth: 0.0000, BiSmoothCls: 0.0000, LayerGate: 0.0000, GCFAMGate: 0.0000, GDELF: 0.0000, EnhSem: 0.0000, CFShift: 0.0000, LayerGateMean: 0.501, GraphCFAMGate: 0.671, ICAGate: 0.000, LayerGateLayers: 1, GraphCFAMLayers: 2, BiValid: 0.000, LR: 0.004523, IntScale: 0.516, CEPen: 0.000, Ctx: 2, GMMCtx: 2, GlobalCtx: 0, MixCtx: 0, Train: 94.41%, Valid: 92.86%, Test In: 92.83% Test OOD1: 83.76% 
Epoch: 110, Loss: 0.3126, Cls: 0.2169, Med: 0.0000, FD: 0.0746, CF: 0.0000, FDAug: 0.0000, Ind: 0.0000, DAG: 0.0003, DAGLabel: 0.0109, ICA: 0.0000, Spu: 0.0048, Role: 0.0000, SpuY: 0.0000, EnvMed: 0.0032, Inv: 0.0000, Var: 0.0000, GlobalEnv: 0.0000, BiSmooth: 0.0000, BiSmoothCls: 0.0000, LayerGate: 0.0000, GCFAMGate: 0.0000, GDELF: 0.0000, EnhSem: 0.0000, CFShift: 0.0000, LayerGateMean: 0.501, GraphCFAMGate: 0.677, ICAGate: 0.000, LayerGateLayers: 1, GraphCFAMLayers: 2, BiValid: 0.000, LR: 0.004427, IntScale: 0.669, CEPen: 0.000, Ctx: 2, GMMCtx: 2, GlobalCtx: 0, MixCtx: 0, Train: 95.45%, Valid: 93.70%, Test In: 93.56% Test OOD1: 82.42% 
Epoch: 120, Loss: 0.3321, Cls: 0.2193, Med: 0.0000, FD: 0.0921, CF: 0.0000, FDAug: 0.0000, Ind: 0.0000, DAG: 0.0003, DAGLabel: 0.0107, ICA: 0.0000, Spu: 0.0043, Role: 0.0000, SpuY: 0.0000, EnvMed: 0.0033, Inv: 0.0000, Var: 0.0000, GlobalEnv: 0.0000, BiSmooth: 0.0000, BiSmoothCls: 0.0000, LayerGate: 0.0000, GCFAMGate: 0.0000, GDELF: 0.0000, EnhSem: 0.0000, CFShift: 0.0000, LayerGateMean: 0.500, GraphCFAMGate: 0.668, ICAGate: 0.000, LayerGateLayers: 1, GraphCFAMLayers: 2, BiValid: 0.000, LR: 0.004324, IntScale: 0.806, CEPen: 0.000, Ctx: 2, GMMCtx: 2, GlobalCtx: 0, MixCtx: 0, Train: 96.02%, Valid: 93.82%, Test In: 94.02% Test OOD1: 82.38% 
Epoch: 130, Loss: 0.3175, Cls: 0.2034, Med: 0.0000, FD: 0.0941, CF: 0.0000, FDAug: 0.0000, Ind: 0.0000, DAG: 0.0004, DAGLabel: 0.0100, ICA: 0.0000, Spu: 0.0045, Role: 0.0000, SpuY: 0.0000, EnvMed: 0.0029, Inv: 0.0000, Var: 0.0000, GlobalEnv: 0.0000, BiSmooth: 0.0000, BiSmoothCls: 0.0000, LayerGate: 0.0000, GCFAMGate: 0.0000, GDELF: 0.0000, EnhSem: 0.0000, CFShift: 0.0000, LayerGateMean: 0.500, GraphCFAMGate: 0.676, ICAGate: 0.000, LayerGateLayers: 1, GraphCFAMLayers: 2, BiValid: 0.000, LR: 0.004213, IntScale: 0.914, CEPen: 0.000, Ctx: 2, GMMCtx: 2, GlobalCtx: 0, MixCtx: 0, Train: 95.92%, Valid: 93.72%, Test In: 93.81% Test OOD1: 84.88% 
Epoch: 140, Loss: 0.3131, Cls: 0.1966, Med: 0.0000, FD: 0.0972, CF: 0.0000, FDAug: 0.0000, Ind: 0.0000, DAG: 0.0004, DAGLabel: 0.0098, ICA: 0.0000, Spu: 0.0043, Role: 0.0000, SpuY: 0.0000, EnvMed: 0.0025, Inv: 0.0000, Var: 0.0000, GlobalEnv: 0.0000, BiSmooth: 0.0000, BiSmoothCls: 0.0000, LayerGate: 0.0000, GCFAMGate: 0.0000, GDELF: 0.0000, EnhSem: 0.0000, CFShift: 0.0000, LayerGateMean: 0.500, GraphCFAMGate: 0.674, ICAGate: 0.000, LayerGateLayers: 1, GraphCFAMLayers: 2, BiValid: 0.000, LR: 0.004095, IntScale: 0.980, CEPen: 0.000, Ctx: 2, GMMCtx: 2, GlobalCtx: 0, MixCtx: 0, Train: 96.57%, Valid: 94.28%, Test In: 94.17% Test OOD1: 84.77% 
Epoch: 150, Loss: 0.2999, Cls: 0.1864, Med: 0.0000, FD: 0.0949, CF: 0.0000, FDAug: 0.0000, Ind: 0.0000, DAG: 0.0004, DAGLabel: 0.0094, ICA: 0.0000, Spu: 0.0042, Role: 0.0000, SpuY: 0.0000, EnvMed: 0.0023, Inv: 0.0000, Var: 0.0000, GlobalEnv: 0.0000, BiSmooth: 0.0000, BiSmoothCls: 0.0000, LayerGate: 0.0000, GCFAMGate: 0.0000, GDELF: 0.0000, EnhSem: 0.0000, CFShift: 0.0000, LayerGateMean: 0.500, GraphCFAMGate: 0.681, ICAGate: 0.000, LayerGateLayers: 1, GraphCFAMLayers: 2, BiValid: 0.000, LR: 0.003972, IntScale: 1.000, CEPen: 0.000, Ctx: 2, GMMCtx: 2, GlobalCtx: 0, MixCtx: 0, Train: 96.87%, Valid: 94.52%, Test In: 94.35% Test OOD1: 82.78% 
Epoch: 160, Loss: 0.2981, Cls: 0.1856, Med: 0.0000, FD: 0.0948, CF: 0.0000, FDAug: 0.0000, Ind: 0.0000, DAG: 0.0004, DAGLabel: 0.0094, ICA: 0.0000, Spu: 0.0039, Role: 0.0000, SpuY: 0.0000, EnvMed: 0.0019, Inv: 0.0000, Var: 0.0000, GlobalEnv: 0.0000, BiSmooth: 0.0000, BiSmoothCls: 0.0000, LayerGate: 0.0000, GCFAMGate: 0.0000, GDELF: 0.0000, EnhSem: 0.0000, CFShift: 0.0000, LayerGateMean: 0.500, GraphCFAMGate: 0.677, ICAGate: 0.000, LayerGateLayers: 1, GraphCFAMLayers: 2, BiValid: 0.000, LR: 0.003842, IntScale: 1.000, CEPen: 0.000, Ctx: 2, GMMCtx: 2, GlobalCtx: 0, MixCtx: 0, Train: 97.17%, Valid: 94.61%, Test In: 94.57% Test OOD1: 84.74% 
Epoch: 170, Loss: 0.2903, Cls: 0.1808, Med: 0.0000, FD: 0.0919, CF: 0.0000, FDAug: 0.0000, Ind: 0.0000, DAG: 0.0004, DAGLabel: 0.0091, ICA: 0.0000, Spu: 0.0042, Role: 0.0000, SpuY: 0.0000, EnvMed: 0.0019, Inv: 0.0000, Var: 0.0000, GlobalEnv: 0.0000, BiSmooth: 0.0000, BiSmoothCls: 0.0000, LayerGate: 0.0000, GCFAMGate: 0.0000, GDELF: 0.0000, EnhSem: 0.0000, CFShift: 0.0000, LayerGateMean: 0.500, GraphCFAMGate: 0.678, ICAGate: 0.000, LayerGateLayers: 1, GraphCFAMLayers: 2, BiValid: 0.000, LR: 0.003707, IntScale: 1.000, CEPen: 0.000, Ctx: 2, GMMCtx: 2, GlobalCtx: 0, MixCtx: 0, Train: 96.91%, Valid: 94.37%, Test In: 94.42% Test OOD1: 86.13% 
Epoch: 180, Loss: 0.2748, Cls: 0.1711, Med: 0.0000, FD: 0.0870, CF: 0.0000, FDAug: 0.0000, Ind: 0.0000, DAG: 0.0004, DAGLabel: 0.0085, ICA: 0.0000, Spu: 0.0038, Role: 0.0000, SpuY: 0.0000, EnvMed: 0.0020, Inv: 0.0000, Var: 0.0000, GlobalEnv: 0.0000, BiSmooth: 0.0000, BiSmoothCls: 0.0000, LayerGate: 0.0000, GCFAMGate: 0.0000, GDELF: 0.0000, EnhSem: 0.0000, CFShift: 0.0000, LayerGateMean: 0.500, GraphCFAMGate: 0.686, ICAGate: 0.000, LayerGateLayers: 1, GraphCFAMLayers: 2, BiValid: 0.000, LR: 0.003567, IntScale: 1.000, CEPen: 0.000, Ctx: 2, GMMCtx: 2, GlobalCtx: 0, MixCtx: 0, Train: 97.52%, Valid: 95.07%, Test In: 94.87% Test OOD1: 85.97% 
Epoch: 190, Loss: 0.2691, Cls: 0.1677, Med: 0.0000, FD: 0.0848, CF: 0.0000, FDAug: 0.0000, Ind: 0.0000, DAG: 0.0004, DAGLabel: 0.0085, ICA: 0.0000, Spu: 0.0039, Role: 0.0000, SpuY: 0.0000, EnvMed: 0.0019, Inv: 0.0000, Var: 0.0000, GlobalEnv: 0.0000, BiSmooth: 0.0000, BiSmoothCls: 0.0000, LayerGate: 0.0000, GCFAMGate: 0.0000, GDELF: 0.0000, EnhSem: 0.0000, CFShift: 0.0000, LayerGateMean: 0.500, GraphCFAMGate: 0.691, ICAGate: 0.000, LayerGateLayers: 1, GraphCFAMLayers: 2, BiValid: 0.000, LR: 0.003423, IntScale: 1.000, CEPen: 0.000, Ctx: 2, GMMCtx: 2, GlobalCtx: 0, MixCtx: 0, Train: 97.65%, Valid: 95.10%, Test In: 94.96% Test OOD1: 85.96% 
Epoch: 200, Loss: 0.2627, Cls: 0.1644, Med: 0.0000, FD: 0.0825, CF: 0.0000, FDAug: 0.0000, Ind: 0.0000, DAG: 0.0004, DAGLabel: 0.0083, ICA: 0.0000, Spu: 0.0037, Role: 0.0000, SpuY: 0.0000, EnvMed: 0.0016, Inv: 0.0000, Var: 0.0000, GlobalEnv: 0.0000, BiSmooth: 0.0000, BiSmoothCls: 0.0000, LayerGate: 0.0000, GCFAMGate: 0.0000, GDELF: 0.0000, EnhSem: 0.0000, CFShift: 0.0000, LayerGateMean: 0.500, GraphCFAMGate: 0.690, ICAGate: 0.000, LayerGateLayers: 1, GraphCFAMLayers: 2, BiValid: 0.000, LR: 0.003276, IntScale: 1.000, CEPen: 0.000, Ctx: 2, GMMCtx: 2, GlobalCtx: 0, MixCtx: 0, Train: 97.68%, Valid: 94.98%, Test In: 94.95% Test OOD1: 85.94% 
Epoch: 210, Loss: 0.2588, Cls: 0.1615, Med: 0.0000, FD: 0.0818, CF: 0.0000, FDAug: 0.0000, Ind: 0.0000, DAG: 0.0004, DAGLabel: 0.0080, ICA: 0.0000, Spu: 0.0036, Role: 0.0000, SpuY: 0.0000, EnvMed: 0.0017, Inv: 0.0000, Var: 0.0000, GlobalEnv: 0.0000, BiSmooth: 0.0000, BiSmoothCls: 0.0000, LayerGate: 0.0000, GCFAMGate: 0.0000, GDELF: 0.0000, EnhSem: 0.0000, CFShift: 0.0000, LayerGateMean: 0.500, GraphCFAMGate: 0.693, ICAGate: 0.000, LayerGateLayers: 1, GraphCFAMLayers: 2, BiValid: 0.000, LR: 0.003125, IntScale: 1.000, CEPen: 0.000, Ctx: 2, GMMCtx: 2, GlobalCtx: 0, MixCtx: 0, Train: 98.01%, Valid: 95.33%, Test In: 95.39% Test OOD1: 85.38% 
Epoch: 220, Loss: 0.2565, Cls: 0.1603, Med: 0.0000, FD: 0.0809, CF: 0.0000, FDAug: 0.0000, Ind: 0.0000, DAG: 0.0004, DAGLabel: 0.0079, ICA: 0.0000, Spu: 0.0035, Role: 0.0000, SpuY: 0.0000, EnvMed: 0.0018, Inv: 0.0000, Var: 0.0000, GlobalEnv: 0.0000, BiSmooth: 0.0000, BiSmoothCls: 0.0000, LayerGate: 0.0000, GCFAMGate: 0.0000, GDELF: 0.0000, EnhSem: 0.0000, CFShift: 0.0000, LayerGateMean: 0.500, GraphCFAMGate: 0.690, ICAGate: 0.000, LayerGateLayers: 1, GraphCFAMLayers: 2, BiValid: 0.000, LR: 0.002973, IntScale: 1.000, CEPen: 0.000, Ctx: 2, GMMCtx: 2, GlobalCtx: 0, MixCtx: 0, Train: 97.95%, Valid: 95.15%, Test In: 95.04% Test OOD1: 85.60% 
Epoch: 230, Loss: 0.2493, Cls: 0.1556, Med: 0.0000, FD: 0.0782, CF: 0.0000, FDAug: 0.0000, Ind: 0.0000, DAG: 0.0004, DAGLabel: 0.0077, ICA: 0.0000, Spu: 0.0036, Role: 0.0000, SpuY: 0.0000, EnvMed: 0.0020, Inv: 0.0000, Var: 0.0000, GlobalEnv: 0.0000, BiSmooth: 0.0000, BiSmoothCls: 0.0000, LayerGate: 0.0000, GCFAMGate: 0.0000, GDELF: 0.0000, EnhSem: 0.0000, CFShift: 0.0000, LayerGateMean: 0.500, GraphCFAMGate: 0.694, ICAGate: 0.000, LayerGateLayers: 1, GraphCFAMLayers: 2, BiValid: 0.000, LR: 0.002818, IntScale: 1.000, CEPen: 0.000, Ctx: 2, GMMCtx: 2, GlobalCtx: 0, MixCtx: 0, Train: 98.27%, Valid: 95.35%, Test In: 95.36% Test OOD1: 86.06% 
Epoch: 240, Loss: 0.2455, Cls: 0.1537, Med: 0.0000, FD: 0.0771, CF: 0.0000, FDAug: 0.0000, Ind: 0.0000, DAG: 0.0004, DAGLabel: 0.0075, ICA: 0.0000, Spu: 0.0034, Role: 0.0000, SpuY: 0.0000, EnvMed: 0.0016, Inv: 0.0000, Var: 0.0000, GlobalEnv: 0.0000, BiSmooth: 0.0000, BiSmoothCls: 0.0000, LayerGate: 0.0000, GCFAMGate: 0.0000, GDELF: 0.0000, EnhSem: 0.0000, CFShift: 0.0000, LayerGateMean: 0.500, GraphCFAMGate: 0.695, ICAGate: 0.000, LayerGateLayers: 1, GraphCFAMLayers: 2, BiValid: 0.000, LR: 0.002662, IntScale: 1.000, CEPen: 0.000, Ctx: 2, GMMCtx: 2, GlobalCtx: 0, MixCtx: 0, Train: 98.27%, Valid: 95.41%, Test In: 95.36% Test OOD1: 86.77% 
Epoch: 250, Loss: 0.2469, Cls: 0.1540, Med: 0.0000, FD: 0.0782, CF: 0.0000, FDAug: 0.0000, Ind: 0.0000, DAG: 0.0004, DAGLabel: 0.0076, ICA: 0.0000, Spu: 0.0035, Role: 0.0000, SpuY: 0.0000, EnvMed: 0.0014, Inv: 0.0000, Var: 0.0000, GlobalEnv: 0.0000, BiSmooth: 0.0000, BiSmoothCls: 0.0000, LayerGate: 0.0000, GCFAMGate: 0.0000, GDELF: 0.0000, EnhSem: 0.0000, CFShift: 0.0000, LayerGateMean: 0.500, GraphCFAMGate: 0.696, ICAGate: 0.000, LayerGateLayers: 1, GraphCFAMLayers: 2, BiValid: 0.000, LR: 0.002505, IntScale: 1.000, CEPen: 0.000, Ctx: 2, GMMCtx: 2, GlobalCtx: 0, MixCtx: 0, Train: 98.34%, Valid: 95.58%, Test In: 95.33% Test OOD1: 87.78% 
Epoch: 260, Loss: 0.2330, Cls: 0.1461, Med: 0.0000, FD: 0.0731, CF: 0.0000, FDAug: 0.0000, Ind: 0.0000, DAG: 0.0004, DAGLabel: 0.0072, ICA: 0.0000, Spu: 0.0034, Role: 0.0000, SpuY: 0.0000, EnvMed: 0.0013, Inv: 0.0000, Var: 0.0000, GlobalEnv: 0.0000, BiSmooth: 0.0000, BiSmoothCls: 0.0000, LayerGate: 0.0000, GCFAMGate: 0.0000, GDELF: 0.0000, EnhSem: 0.0000, CFShift: 0.0000, LayerGateMean: 0.500, GraphCFAMGate: 0.694, ICAGate: 0.000, LayerGateLayers: 1, GraphCFAMLayers: 2, BiValid: 0.000, LR: 0.002348, IntScale: 1.000, CEPen: 0.000, Ctx: 2, GMMCtx: 2, GlobalCtx: 0, MixCtx: 0, Train: 98.22%, Valid: 95.48%, Test In: 95.40% Test OOD1: 87.22% 
Epoch: 270, Loss: 0.2358, Cls: 0.1472, Med: 0.0000, FD: 0.0748, CF: 0.0000, FDAug: 0.0000, Ind: 0.0000, DAG: 0.0004, DAGLabel: 0.0072, ICA: 0.0000, Spu: 0.0032, Role: 0.0000, SpuY: 0.0000, EnvMed: 0.0014, Inv: 0.0000, Var: 0.0000, GlobalEnv: 0.0000, BiSmooth: 0.0000, BiSmoothCls: 0.0000, LayerGate: 0.0000, GCFAMGate: 0.0000, GDELF: 0.0000, EnhSem: 0.0000, CFShift: 0.0000, LayerGateMean: 0.500, GraphCFAMGate: 0.696, ICAGate: 0.000, LayerGateLayers: 1, GraphCFAMLayers: 2, BiValid: 0.000, LR: 0.002192, IntScale: 1.000, CEPen: 0.000, Ctx: 2, GMMCtx: 2, GlobalCtx: 0, MixCtx: 0, Train: 98.31%, Valid: 95.46%, Test In: 95.30% Test OOD1: 87.45% 
Epoch: 280, Loss: 0.2279, Cls: 0.1427, Med: 0.0000, FD: 0.0715, CF: 0.0000, FDAug: 0.0000, Ind: 0.0000, DAG: 0.0004, DAGLabel: 0.0071, ICA: 0.0000, Spu: 0.0033, Role: 0.0000, SpuY: 0.0000, EnvMed: 0.0014, Inv: 0.0000, Var: 0.0000, GlobalEnv: 0.0000, BiSmooth: 0.0000, BiSmoothCls: 0.0000, LayerGate: 0.0000, GCFAMGate: 0.0000, GDELF: 0.0000, EnhSem: 0.0000, CFShift: 0.0000, LayerGateMean: 0.500, GraphCFAMGate: 0.697, ICAGate: 0.000, LayerGateLayers: 1, GraphCFAMLayers: 2, BiValid: 0.000, LR: 0.002037, IntScale: 1.000, CEPen: 0.000, Ctx: 2, GMMCtx: 2, GlobalCtx: 0, MixCtx: 0, Train: 98.30%, Valid: 95.32%, Test In: 95.25% Test OOD1: 87.21% 
Epoch: 290, Loss: 0.2322, Cls: 0.1454, Med: 0.0000, FD: 0.0731, CF: 0.0000, FDAug: 0.0000, Ind: 0.0000, DAG: 0.0004, DAGLabel: 0.0072, ICA: 0.0000, Spu: 0.0032, Role: 0.0000, SpuY: 0.0000, EnvMed: 0.0013, Inv: 0.0000, Var: 0.0000, GlobalEnv: 0.0000, BiSmooth: 0.0000, BiSmoothCls: 0.0000, LayerGate: 0.0000, GCFAMGate: 0.0000, GDELF: 0.0000, EnhSem: 0.0000, CFShift: 0.0000, LayerGateMean: 0.500, GraphCFAMGate: 0.697, ICAGate: 0.000, LayerGateLayers: 1, GraphCFAMLayers: 2, BiValid: 0.000, LR: 0.001885, IntScale: 1.000, CEPen: 0.000, Ctx: 2, GMMCtx: 2, GlobalCtx: 0, MixCtx: 0, Train: 98.44%, Valid: 95.48%, Test In: 95.64% Test OOD1: 86.54% 
Epoch: 300, Loss: 0.2206, Cls: 0.1381, Med: 0.0000, FD: 0.0695, CF: 0.0000, FDAug: 0.0000, Ind: 0.0000, DAG: 0.0004, DAGLabel: 0.0068, ICA: 0.0000, Spu: 0.0031, Role: 0.0000, SpuY: 0.0000, EnvMed: 0.0013, Inv: 0.0000, Var: 0.0000, GlobalEnv: 0.0000, BiSmooth: 0.0000, BiSmoothCls: 0.0000, LayerGate: 0.0000, GCFAMGate: 0.0000, GDELF: 0.0000, EnhSem: 0.0000, CFShift: 0.0000, LayerGateMean: 0.500, GraphCFAMGate: 0.696, ICAGate: 0.000, LayerGateLayers: 1, GraphCFAMLayers: 2, BiValid: 0.000, LR: 0.001734, IntScale: 1.000, CEPen: 0.000, Ctx: 2, GMMCtx: 2, GlobalCtx: 0, MixCtx: 0, Train: 98.56%, Valid: 95.58%, Test In: 95.52% Test OOD1: 87.70% 
Epoch: 310, Loss: 0.2256, Cls: 0.1413, Med: 0.0000, FD: 0.0710, CF: 0.0000, FDAug: 0.0000, Ind: 0.0000, DAG: 0.0004, DAGLabel: 0.0070, ICA: 0.0000, Spu: 0.0031, Role: 0.0000, SpuY: 0.0000, EnvMed: 0.0013, Inv: 0.0000, Var: 0.0000, GlobalEnv: 0.0000, BiSmooth: 0.0000, BiSmoothCls: 0.0000, LayerGate: 0.0000, GCFAMGate: 0.0000, GDELF: 0.0000, EnhSem: 0.0000, CFShift: 0.0000, LayerGateMean: 0.500, GraphCFAMGate: 0.700, ICAGate: 0.000, LayerGateLayers: 1, GraphCFAMLayers: 2, BiValid: 0.000, LR: 0.001587, IntScale: 1.000, CEPen: 0.000, Ctx: 2, GMMCtx: 2, GlobalCtx: 0, MixCtx: 0, Train: 98.60%, Valid: 95.58%, Test In: 95.41% Test OOD1: 88.41% 
Epoch: 320, Loss: 0.2242, Cls: 0.1404, Med: 0.0000, FD: 0.0708, CF: 0.0000, FDAug: 0.0000, Ind: 0.0000, DAG: 0.0004, DAGLabel: 0.0069, ICA: 0.0000, Spu: 0.0032, Role: 0.0000, SpuY: 0.0000, EnvMed: 0.0012, Inv: 0.0000, Var: 0.0000, GlobalEnv: 0.0000, BiSmooth: 0.0000, BiSmoothCls: 0.0000, LayerGate: 0.0000, GCFAMGate: 0.0000, GDELF: 0.0000, EnhSem: 0.0000, CFShift: 0.0000, LayerGateMean: 0.500, GraphCFAMGate: 0.699, ICAGate: 0.000, LayerGateLayers: 1, GraphCFAMLayers: 2, BiValid: 0.000, LR: 0.001443, IntScale: 1.000, CEPen: 0.000, Ctx: 2, GMMCtx: 2, GlobalCtx: 0, MixCtx: 0, Train: 98.73%, Valid: 95.72%, Test In: 95.75% Test OOD1: 88.05% 
Epoch: 330, Loss: 0.2241, Cls: 0.1399, Med: 0.0000, FD: 0.0713, CF: 0.0000, FDAug: 0.0000, Ind: 0.0000, DAG: 0.0004, DAGLabel: 0.0069, ICA: 0.0000, Spu: 0.0031, Role: 0.0000, SpuY: 0.0000, EnvMed: 0.0012, Inv: 0.0000, Var: 0.0000, GlobalEnv: 0.0000, BiSmooth: 0.0000, BiSmoothCls: 0.0000, LayerGate: 0.0000, GCFAMGate: 0.0000, GDELF: 0.0000, EnhSem: 0.0000, CFShift: 0.0000, LayerGateMean: 0.500, GraphCFAMGate: 0.700, ICAGate: 0.000, LayerGateLayers: 1, GraphCFAMLayers: 2, BiValid: 0.000, LR: 0.001303, IntScale: 1.000, CEPen: 0.000, Ctx: 2, GMMCtx: 2, GlobalCtx: 0, MixCtx: 0, Train: 98.64%, Valid: 95.82%, Test In: 95.63% Test OOD1: 88.16% 
Epoch: 340, Loss: 0.2128, Cls: 0.1332, Med: 0.0000, FD: 0.0670, CF: 0.0000, FDAug: 0.0000, Ind: 0.0000, DAG: 0.0004, DAGLabel: 0.0065, ICA: 0.0000, Spu: 0.0031, Role: 0.0000, SpuY: 0.0000, EnvMed: 0.0012, Inv: 0.0000, Var: 0.0000, GlobalEnv: 0.0000, BiSmooth: 0.0000, BiSmoothCls: 0.0000, LayerGate: 0.0000, GCFAMGate: 0.0000, GDELF: 0.0000, EnhSem: 0.0000, CFShift: 0.0000, LayerGateMean: 0.500, GraphCFAMGate: 0.698, ICAGate: 0.000, LayerGateLayers: 1, GraphCFAMLayers: 2, BiValid: 0.000, LR: 0.001168, IntScale: 1.000, CEPen: 0.000, Ctx: 2, GMMCtx: 2, GlobalCtx: 0, MixCtx: 0, Train: 98.81%, Valid: 95.90%, Test In: 95.79% Test OOD1: 87.97% 
Epoch: 350, Loss: 0.2138, Cls: 0.1338, Med: 0.0000, FD: 0.0673, CF: 0.0000, FDAug: 0.0000, Ind: 0.0000, DAG: 0.0004, DAGLabel: 0.0066, ICA: 0.0000, Spu: 0.0031, Role: 0.0000, SpuY: 0.0000, EnvMed: 0.0012, Inv: 0.0000, Var: 0.0000, GlobalEnv: 0.0000, BiSmooth: 0.0000, BiSmoothCls: 0.0000, LayerGate: 0.0000, GCFAMGate: 0.0000, GDELF: 0.0000, EnhSem: 0.0000, CFShift: 0.0000, LayerGateMean: 0.500, GraphCFAMGate: 0.696, ICAGate: 0.000, LayerGateLayers: 1, GraphCFAMLayers: 2, BiValid: 0.000, LR: 0.001038, IntScale: 1.000, CEPen: 0.000, Ctx: 2, GMMCtx: 2, GlobalCtx: 0, MixCtx: 0, Train: 98.80%, Valid: 95.83%, Test In: 95.62% Test OOD1: 88.58% 
Epoch: 360, Loss: 0.2161, Cls: 0.1352, Med: 0.0000, FD: 0.0686, CF: 0.0000, FDAug: 0.0000, Ind: 0.0000, DAG: 0.0004, DAGLabel: 0.0066, ICA: 0.0000, Spu: 0.0029, Role: 0.0000, SpuY: 0.0000, EnvMed: 0.0011, Inv: 0.0000, Var: 0.0000, GlobalEnv: 0.0000, BiSmooth: 0.0000, BiSmoothCls: 0.0000, LayerGate: 0.0000, GCFAMGate: 0.0000, GDELF: 0.0000, EnhSem: 0.0000, CFShift: 0.0000, LayerGateMean: 0.500, GraphCFAMGate: 0.697, ICAGate: 0.000, LayerGateLayers: 1, GraphCFAMLayers: 2, BiValid: 0.000, LR: 0.000915, IntScale: 1.000, CEPen: 0.000, Ctx: 2, GMMCtx: 2, GlobalCtx: 0, MixCtx: 0, Train: 98.81%, Valid: 95.86%, Test In: 95.74% Test OOD1: 89.10% 
